Archive member included because of file (symbol)

c:/program files (x86)/gnu tools arm embedded/4.8 2014q2/bin/../lib/gcc/arm-none-eabi/4.8.4/../../../../arm-none-eabi/lib/armv7-m\libstdc++_s.a(del_op.o)
                              ./src/HAL.o (operator delete(void*))
c:/program files (x86)/gnu tools arm embedded/4.8 2014q2/bin/../lib/gcc/arm-none-eabi/4.8.4/../../../../arm-none-eabi/lib/armv7-m\libstdc++_s.a(new_op.o)
                              ./src/Printer.o (operator new(unsigned int))
c:/program files (x86)/gnu tools arm embedded/4.8 2014q2/bin/../lib/gcc/arm-none-eabi/4.8.4/../../../../arm-none-eabi/lib/armv7-m\libstdc++_s.a(new_handler.o)
                              c:/program files (x86)/gnu tools arm embedded/4.8 2014q2/bin/../lib/gcc/arm-none-eabi/4.8.4/../../../../arm-none-eabi/lib/armv7-m\libstdc++_s.a(new_op.o) (__new_handler)
c:/program files (x86)/gnu tools arm embedded/4.8 2014q2/bin/../lib/gcc/arm-none-eabi/4.8.4/../../../../arm-none-eabi/lib/armv7-m\libm.a(lib_a-s_cos.o)
                              ./src/motion.o (cos)
c:/program files (x86)/gnu tools arm embedded/4.8 2014q2/bin/../lib/gcc/arm-none-eabi/4.8.4/../../../../arm-none-eabi/lib/armv7-m\libm.a(lib_a-s_floor.o)
                              ./src/Printer.o (floor)
c:/program files (x86)/gnu tools arm embedded/4.8 2014q2/bin/../lib/gcc/arm-none-eabi/4.8.4/../../../../arm-none-eabi/lib/armv7-m\libm.a(lib_a-s_fpclassify.o)
                              ./src/Commands.o (__fpclassifyd)
c:/program files (x86)/gnu tools arm embedded/4.8 2014q2/bin/../lib/gcc/arm-none-eabi/4.8.4/../../../../arm-none-eabi/lib/armv7-m\libm.a(lib_a-s_sin.o)
                              ./src/motion.o (sin)
c:/program files (x86)/gnu tools arm embedded/4.8 2014q2/bin/../lib/gcc/arm-none-eabi/4.8.4/../../../../arm-none-eabi/lib/armv7-m\libm.a(lib_a-sf_fpclassify.o)
                              ./src/Commands.o (__fpclassifyf)
c:/program files (x86)/gnu tools arm embedded/4.8 2014q2/bin/../lib/gcc/arm-none-eabi/4.8.4/../../../../arm-none-eabi/lib/armv7-m\libm.a(lib_a-w_atan2.o)
                              ./src/motion.o (atan2)
c:/program files (x86)/gnu tools arm embedded/4.8 2014q2/bin/../lib/gcc/arm-none-eabi/4.8.4/../../../../arm-none-eabi/lib/armv7-m\libm.a(lib_a-w_exp.o)
                              ./src/Extruder.o (exp)
c:/program files (x86)/gnu tools arm embedded/4.8 2014q2/bin/../lib/gcc/arm-none-eabi/4.8.4/../../../../arm-none-eabi/lib/armv7-m\libm.a(lib_a-w_hypot.o)
                              ./src/Commands.o (hypot)
c:/program files (x86)/gnu tools arm embedded/4.8 2014q2/bin/../lib/gcc/arm-none-eabi/4.8.4/../../../../arm-none-eabi/lib/armv7-m\libm.a(lib_a-w_sqrt.o)
                              ./src/Commands.o (sqrt)
c:/program files (x86)/gnu tools arm embedded/4.8 2014q2/bin/../lib/gcc/arm-none-eabi/4.8.4/../../../../arm-none-eabi/lib/armv7-m\libm.a(lib_a-e_atan2.o)
                              c:/program files (x86)/gnu tools arm embedded/4.8 2014q2/bin/../lib/gcc/arm-none-eabi/4.8.4/../../../../arm-none-eabi/lib/armv7-m\libm.a(lib_a-w_atan2.o) (__ieee754_atan2)
c:/program files (x86)/gnu tools arm embedded/4.8 2014q2/bin/../lib/gcc/arm-none-eabi/4.8.4/../../../../arm-none-eabi/lib/armv7-m\libm.a(lib_a-e_exp.o)
                              c:/program files (x86)/gnu tools arm embedded/4.8 2014q2/bin/../lib/gcc/arm-none-eabi/4.8.4/../../../../arm-none-eabi/lib/armv7-m\libm.a(lib_a-w_exp.o) (__ieee754_exp)
c:/program files (x86)/gnu tools arm embedded/4.8 2014q2/bin/../lib/gcc/arm-none-eabi/4.8.4/../../../../arm-none-eabi/lib/armv7-m\libm.a(lib_a-e_hypot.o)
                              c:/program files (x86)/gnu tools arm embedded/4.8 2014q2/bin/../lib/gcc/arm-none-eabi/4.8.4/../../../../arm-none-eabi/lib/armv7-m\libm.a(lib_a-w_hypot.o) (__ieee754_hypot)
c:/program files (x86)/gnu tools arm embedded/4.8 2014q2/bin/../lib/gcc/arm-none-eabi/4.8.4/../../../../arm-none-eabi/lib/armv7-m\libm.a(lib_a-e_rem_pio2.o)
                              c:/program files (x86)/gnu tools arm embedded/4.8 2014q2/bin/../lib/gcc/arm-none-eabi/4.8.4/../../../../arm-none-eabi/lib/armv7-m\libm.a(lib_a-s_cos.o) (__ieee754_rem_pio2)
c:/program files (x86)/gnu tools arm embedded/4.8 2014q2/bin/../lib/gcc/arm-none-eabi/4.8.4/../../../../arm-none-eabi/lib/armv7-m\libm.a(lib_a-e_sqrt.o)
                              c:/program files (x86)/gnu tools arm embedded/4.8 2014q2/bin/../lib/gcc/arm-none-eabi/4.8.4/../../../../arm-none-eabi/lib/armv7-m\libm.a(lib_a-w_sqrt.o) (__ieee754_sqrt)
c:/program files (x86)/gnu tools arm embedded/4.8 2014q2/bin/../lib/gcc/arm-none-eabi/4.8.4/../../../../arm-none-eabi/lib/armv7-m\libm.a(lib_a-k_cos.o)
                              c:/program files (x86)/gnu tools arm embedded/4.8 2014q2/bin/../lib/gcc/arm-none-eabi/4.8.4/../../../../arm-none-eabi/lib/armv7-m\libm.a(lib_a-s_cos.o) (__kernel_cos)
[...]
Memory Configuration

Name             Origin             Length             Attributes
RAM              0x20000000         0x00005000         xrw
CCMRAM           0x00000000         0x00000000         xrw
FLASH            0x08000000         0x00020000         xr
FLASHB1          0x00000000         0x00000000         xr
EXTMEMB0         0x00000000         0x00000000         xr
EXTMEMB1         0x00000000         0x00000000         xr
EXTMEMB2         0x00000000         0x00000000         xr
EXTMEMB3         0x00000000         0x00000000         xr
MEMORY_ARRAY     0x00000000         0x00000000         xrw
*default*        0x00000000         0xffffffff

Linker script and memory map

LOAD ./system/src/stm32f1-stdperiph/misc.o
LOAD ./system/src/stm32f1-stdperiph/stm32f10x_adc.o
LOAD ./system/src/stm32f1-stdperiph/stm32f10x_gpio.o
LOAD ./system/src/stm32f1-stdperiph/stm32f10x_iwdg.o
LOAD ./system/src/stm32f1-stdperiph/stm32f10x_rcc.o
LOAD ./system/src/stm32f1-stdperiph/stm32f10x_tim.o
LOAD ./system/src/stm32f1-stdperiph/stm32f10x_usart.o
LOAD ./system/src/newlib/_cxx.o
LOAD ./system/src/newlib/_exit.o
LOAD ./system/src/newlib/_sbrk.o
LOAD ./system/src/newlib/_startup.o
LOAD ./system/src/newlib/_syscalls.o
LOAD ./system/src/newlib/assert.o
LOAD ./system/src/diag/Trace.o
LOAD ./system/src/diag/trace_impl.o
LOAD ./system/src/cortexm/_initialize_hardware.o
LOAD ./system/src/cortexm/_reset_hardware.o
LOAD ./system/src/cortexm/exception_handlers.o
LOAD ./system/src/cmsis/system_stm32f10x.o
LOAD ./system/src/cmsis/vectors_stm32f10x.o
LOAD ./src/Commands.o
LOAD ./src/Communication.o
LOAD ./src/Eeprom.o
LOAD ./src/Extruder.o
LOAD ./src/GPIO.o
LOAD ./src/HAL.o
LOAD ./src/Printer.o
LOAD ./src/Serial.o
LOAD ./src/delay.o
LOAD ./src/gcode.o
LOAD ./src/main.o
LOAD ./src/motion.o
LOAD ./src/ui.o
LOAD c:/program files (x86)/gnu tools arm embedded/4.8 2014q2/bin/../lib/gcc/arm-none-eabi/4.8.4/../../../../arm-none-eabi/lib/armv7-m\libstdc++_s.a
LOAD c:/program files (x86)/gnu tools arm embedded/4.8 2014q2/bin/../lib/gcc/arm-none-eabi/4.8.4/../../../../arm-none-eabi/lib/armv7-m\libm.a
START GROUP
LOAD c:/program files (x86)/gnu tools arm embedded/4.8 2014q2/bin/../lib/gcc/arm-none-eabi/4.8.4/armv7-m\libgcc.a
LOAD c:/program files (x86)/gnu tools arm embedded/4.8 2014q2/bin/../lib/gcc/arm-none-eabi/4.8.4/../../../../arm-none-eabi/lib/armv7-m\libg_s.a
LOAD c:/program files (x86)/gnu tools arm embedded/4.8 2014q2/bin/../lib/gcc/arm-none-eabi/4.8.4/../../../../arm-none-eabi/lib/armv7-m\libc_s.a
END GROUP
START GROUP
LOAD c:/program files (x86)/gnu tools arm embedded/4.8 2014q2/bin/../lib/gcc/arm-none-eabi/4.8.4/armv7-m\libgcc.a
LOAD c:/program files (x86)/gnu tools arm embedded/4.8 2014q2/bin/../lib/gcc/arm-none-eabi/4.8.4/../../../../arm-none-eabi/lib/armv7-m\libc_s.a
END GROUP
                0x20005000                __stack = (ORIGIN (RAM) + 0x5000)
                0x20005000                _estack = __stack
                0x00000400                __Main_Stack_Size = 0x400
                0x00000400                PROVIDE (_Main_Stack_Size, __Main_Stack_Size)
                0x20004c00                __Main_Stack_Limit = (__stack - __Main_Stack_Size)
                0x20004c00                PROVIDE (_Main_Stack_Limit, __Main_Stack_Limit)
                0x00000100                _Minimum_Stack_Size = 0x100
                0x20002828                PROVIDE (_Heap_Begin, _end_noinit)
                0x20004c00                PROVIDE (_Heap_Limit, (__stack - __Main_Stack_Size))

.isr_vector     0x08000000      0x250
                0x08000000                . = ALIGN (0x4)
 *(.isr_vector)
 .isr_vector    0x08000000      0x10c ./system/src/cmsis/vectors_stm32f10x.o
                0x08000000                __isr_vectors
 *(.cfmconfig)
 *(.after_vectors .after_vectors.*)
 .after_vectors
                0x0800010c      0x114 ./system/src/newlib/_startup.o
                0x0800010c                _start
 .after_vectors
                0x08000220       0x2c ./system/src/cortexm/exception_handlers.o
                0x08000220                Reset_Handler
                0x08000228                NMI_Handler
                0x0800022c                HardFault_Handler
                0x08000230                MemManage_Handler
                0x08000234                BusFault_Handler
                0x08000238                UsageFault_Handler
                0x0800023c                SVC_Handler
                0x08000240                DebugMon_Handler
                0x08000244                PendSV_Handler
 .after_vectors
                0x0800024c        0x4 ./system/src/cmsis/vectors_stm32f10x.o
                0x0800024c                EXTI2_IRQHandler
                0x0800024c                TIM8_TRG_COM_IRQHandler
                0x0800024c                TIM8_CC_IRQHandler
                0x0800024c                TIM1_CC_IRQHandler
                0x0800024c                TIM6_IRQHandler
                0x0800024c                PVD_IRQHandler
                0x0800024c                SDIO_IRQHandler
                0x0800024c                CAN2_RX1_IRQHandler
                0x0800024c                EXTI3_IRQHandler
                0x0800024c                TIM8_TRG_COM_TIM14_IRQHandler
                0x0800024c                TIM1_UP_TIM10_IRQHandler
                0x0800024c                TIM8_UP_TIM13_IRQHandler
                0x0800024c                EXTI0_IRQHandler
                0x0800024c                I2C2_EV_IRQHandler
                0x0800024c                CAN1_RX0_IRQHandler
                0x0800024c                TIM1_UP_TIM16_IRQHandler
                0x0800024c                CAN2_SCE_IRQHandler
                0x0800024c                SPI1_IRQHandler
                0x0800024c                TAMPER_IRQHandler
                0x0800024c                TIM6_DAC_IRQHandler
                0x0800024c                TIM1_BRK_TIM9_IRQHandler
                0x0800024c                CAN2_RX0_IRQHandler
                0x0800024c                TIM8_UP_IRQHandler
                0x0800024c                DMA2_Channel2_IRQHandler
                0x0800024c                DMA1_Channel4_IRQHandler
                0x0800024c                USART3_IRQHandler
                0x0800024c                RTC_IRQHandler
                0x0800024c                DMA1_Channel7_IRQHandler
                0x0800024c                CAN1_RX1_IRQHandler
                0x0800024c                UART5_IRQHandler
                0x0800024c                ADC3_IRQHandler
                0x0800024c                TIM4_IRQHandler
                0x0800024c                DMA2_Channel1_IRQHandler
                0x0800024c                I2C1_EV_IRQHandler
                0x0800024c                DMA1_Channel6_IRQHandler
                0x0800024c                UART4_IRQHandler
                0x0800024c                DMA2_Channel4_IRQHandler
                0x0800024c                RCC_IRQHandler
                0x0800024c                TIM8_BRK_TIM12_IRQHandler
                0x0800024c                TIM1_TRG_COM_IRQHandler
                0x0800024c                DMA1_Channel1_IRQHandler
                0x0800024c                Default_Handler
                0x0800024c                CEC_IRQHandler
                0x0800024c                EXTI15_10_IRQHandler
                0x0800024c                TIM14_IRQHandler
                0x0800024c                TIM13_IRQHandler
                0x0800024c                TIM12_IRQHandler
                0x0800024c                TIM7_IRQHandler
                0x0800024c                CAN2_TX_IRQHandler
                0x0800024c                TIM5_IRQHandler
                0x0800024c                EXTI9_5_IRQHandler
                0x0800024c                ETH_WKUP_IRQHandler
                0x0800024c                SPI2_IRQHandler
                0x0800024c                CAN1_TX_IRQHandler
                0x0800024c                DMA2_Channel5_IRQHandler
                0x0800024c                DMA1_Channel5_IRQHandler
                0x0800024c                EXTI4_IRQHandler
                0x0800024c                USB_LP_CAN1_RX0_IRQHandler
                0x0800024c                TIM1_TRG_COM_TIM17_IRQHandler
                0x0800024c                USB_HP_CAN1_TX_IRQHandler
                0x0800024c                DMA1_Channel3_IRQHandler
                0x0800024c                FSMC_IRQHandler
                0x0800024c                ETH_IRQHandler
                0x0800024c                TIM1_UP_IRQHandler
                0x0800024c                WWDG_IRQHandler
                0x0800024c                OTG_FS_WKUP_IRQHandler
                0x0800024c                TIM1_TRG_COM_TIM11_IRQHandler
                0x0800024c                TIM1_BRK_IRQHandler
                0x0800024c                EXTI1_IRQHandler
                0x0800024c                RTCAlarm_IRQHandler
                0x0800024c                DMA2_Channel4_5_IRQHandler
                0x0800024c                USART2_IRQHandler
                0x0800024c                I2C2_ER_IRQHandler
                0x0800024c                DMA1_Channel2_IRQHandler
                0x0800024c                TIM8_BRK_IRQHandler
                0x0800024c                CAN1_SCE_IRQHandler
                0x0800024c                FLASH_IRQHandler
                0x0800024c                OTG_FS_IRQHandler
                0x0800024c                SPI3_IRQHandler
                0x0800024c                I2C1_ER_IRQHandler
                0x0800024c                USBWakeUp_IRQHandler
                0x0800024c                DMA2_Channel3_IRQHandler
                0x0800024c                TIM1_BRK_TIM15_IRQHandler
                0x08000250                . = ALIGN (0x4)

.inits          0x08000250        0x4
                0x08000250                . = ALIGN (0x4)
 *(.init)
 *(.fini)
                0x08000250                . = ALIGN (0x4)
                0x08000250                PROVIDE (__preinit_array_start, .)
 *(.preinit_array_sysinit .preinit_array_sysinit.*)
 *(.preinit_array_platform .preinit_array_platform.*)
 *(.preinit_array .preinit_array.*)
                0x08000250                PROVIDE (__preinit_array_end, .)
                0x08000250                . = ALIGN (0x4)
                0x08000250                PROVIDE (__init_array_start, .)
 *(SORT(.init_array.*))
 *(.init_array)
 .init_array    0x08000250        0x4 ./src/Printer.o
                0x08000254                PROVIDE (__init_array_end, .)
                0x08000254                . = ALIGN (0x4)
                0x08000254                PROVIDE (__fini_array_start, .)
 *(SORT(.fini_array.*))
 *(.fini_array)
                0x08000254                PROVIDE (__fini_array_end, .)
                0x08000254                . = ALIGN (0x4)

.flashtext      0x08000254        0x0
                0x08000254                . = ALIGN (0x4)
 *(.flashtext .flashtext.*)
                0x08000254                . = ALIGN (0x4)

.text           0x08000258     0xf294
                0x08000258                . = ALIGN (0x4)
 *(.text .text.*)
 .text.NVIC_PriorityGroupConfig
                0x08000258       0x40 ./system/src/stm32f1-stdperiph/misc.o
                0x08000258                NVIC_PriorityGroupConfig
 .text.NVIC_Init
                0x08000298       0x98 ./system/src/stm32f1-stdperiph/misc.o
                0x08000298                NVIC_Init
 .text.ADC_Init
                0x08000330      0x148 ./system/src/stm32f1-stdperiph/stm32f10x_adc.o
                0x08000330                ADC_Init
 .text.ADC_Cmd  0x08000478       0x54 ./system/src/stm32f1-stdperiph/stm32f10x_adc.o
                0x08000478                ADC_Cmd
 .text.ADC_ITConfig
                0x080004cc       0x68 ./system/src/stm32f1-stdperiph/stm32f10x_adc.o
                0x080004cc                ADC_ITConfig
 .text.ADC_ResetCalibration
                0x08000534       0x38 ./system/src/stm32f1-stdperiph/stm32f10x_adc.o
                0x08000534                ADC_ResetCalibration
 .text.ADC_GetResetCalibrationStatus
                0x0800056c       0x3c ./system/src/stm32f1-stdperiph/stm32f10x_adc.o
                0x0800056c                ADC_GetResetCalibrationStatus
 .text.ADC_StartCalibration
                0x080005a8       0x38 ./system/src/stm32f1-stdperiph/stm32f10x_adc.o
                0x080005a8                ADC_StartCalibration
 .text.ADC_GetCalibrationStatus
                0x080005e0       0x3c ./system/src/stm32f1-stdperiph/stm32f10x_adc.o
                0x080005e0                ADC_GetCalibrationStatus
 .text.ADC_SoftwareStartConvCmd
                0x0800061c       0x54 ./system/src/stm32f1-stdperiph/stm32f10x_adc.o
                0x0800061c                ADC_SoftwareStartConvCmd
 .text.ADC_RegularChannelConfig
                0x08000670       0xf0 ./system/src/stm32f1-stdperiph/stm32f10x_adc.o
                0x08000670                ADC_RegularChannelConfig
 .text.ADC_GetConversionValue
                0x08000760       0x34 ./system/src/stm32f1-stdperiph/stm32f10x_adc.o
                0x08000760                ADC_GetConversionValue
 .text.ADC_GetITStatus
                0x08000794       0x68 ./system/src/stm32f1-stdperiph/stm32f10x_adc.o
                0x08000794                ADC_GetITStatus
 .text.ADC_ClearITPendingBit
                0x080007fc       0x4c ./system/src/stm32f1-stdperiph/stm32f10x_adc.o
                0x080007fc                ADC_ClearITPendingBit
 .text.GPIO_Init
                0x08000848      0x138 ./system/src/stm32f1-stdperiph/stm32f10x_gpio.o
                0x08000848                GPIO_Init
 .text.RCC_ADCCLKConfig
                0x08000980       0x38 ./system/src/stm32f1-stdperiph/stm32f10x_rcc.o
                0x08000980                RCC_ADCCLKConfig
 .text.RCC_GetClocksFreq
                0x080009b8       0xc0 ./system/src/stm32f1-stdperiph/stm32f10x_rcc.o
                0x080009b8                RCC_GetClocksFreq
 .text.RCC_APB2PeriphClockCmd
                0x08000a78       0x4c ./system/src/stm32f1-stdperiph/stm32f10x_rcc.o
                0x08000a78                RCC_APB2PeriphClockCmd
 .text.RCC_APB1PeriphClockCmd
                0x08000ac4       0x4c ./system/src/stm32f1-stdperiph/stm32f10x_rcc.o
                0x08000ac4                RCC_APB1PeriphClockCmd
 .text.TIM_TimeBaseInit
                0x08000b10      0x15c ./system/src/stm32f1-stdperiph/stm32f10x_tim.o
                0x08000b10                TIM_TimeBaseInit
 .text.TIM_Cmd  0x08000c6c       0xc8 ./system/src/stm32f1-stdperiph/stm32f10x_tim.o
                0x08000c6c                TIM_Cmd
 .text.TIM_ITConfig
                0x08000d34       0xd8 ./system/src/stm32f1-stdperiph/stm32f10x_tim.o
                0x08000d34                TIM_ITConfig
 .text.TIM_SetCounter
                0x08000e0c       0xa0 ./system/src/stm32f1-stdperiph/stm32f10x_tim.o
                0x08000e0c                TIM_SetCounter
 .text.TIM_GetCounter
                0x08000eac       0xa0 ./system/src/stm32f1-stdperiph/stm32f10x_tim.o
                0x08000eac                TIM_GetCounter
 .text.TIM_GetITStatus
                0x08000f4c       0xe0 ./system/src/stm32f1-stdperiph/stm32f10x_tim.o
                0x08000f4c                TIM_GetITStatus
 .text.TIM_ClearITPendingBit
                0x0800102c       0xb8 ./system/src/stm32f1-stdperiph/stm32f10x_tim.o
                0x0800102c                TIM_ClearITPendingBit
 .text.USART_Init
                0x080010e4      0x1ac ./system/src/stm32f1-stdperiph/stm32f10x_usart.o
                0x080010e4                USART_Init
 .text.USART_StructInit
                0x08001290       0x18 ./system/src/stm32f1-stdperiph/stm32f10x_usart.o
                0x08001290                USART_StructInit
 .text.USART_Cmd
                0x080012a8       0x68 ./system/src/stm32f1-stdperiph/stm32f10x_usart.o
                0x080012a8                USART_Cmd
 .text.USART_ITConfig
                0x08001310       0xec ./system/src/stm32f1-stdperiph/stm32f10x_usart.o
                0x08001310                USART_ITConfig
 .text.USART_SendData
                0x080013fc       0x58 ./system/src/stm32f1-stdperiph/stm32f10x_usart.o
                0x080013fc                USART_SendData
 .text.USART_ReceiveData
                0x08001454       0x44 ./system/src/stm32f1-stdperiph/stm32f10x_usart.o
                0x08001454                USART_ReceiveData
 .text.USART_GetITStatus
                0x08001498      0x100 ./system/src/stm32f1-stdperiph/stm32f10x_usart.o
                0x08001498                USART_GetITStatus
 .text._exit    0x08001598        0x4 ./system/src/newlib/_exit.o
                0x08001598                _exit
 .text.abort    0x0800159c        0x8 ./system/src/newlib/_exit.o
                0x0800159c                abort
 .text._sbrk    0x080015a4       0x44 ./system/src/newlib/_sbrk.o
                0x080015a4                _sbrk
 .text.__initialize_args
                0x080015e8       0x10 ./system/src/newlib/_syscalls.o
                0x080015e8                __initialize_args
 .text.assert_failed
                0x080015f8        0x8 ./system/src/newlib/assert.o
                0x080015f8                assert_failed
 .text.__initialize_hardware_early
                0x08001600        0x8 ./system/src/cortexm/_initialize_hardware.o
                0x08001600                __initialize_hardware_early
 .text.__initialize_hardware
                0x08001608        0x8 ./system/src/cortexm/_initialize_hardware.o
                0x08001608                __initialize_hardware
 .text.SetSysClockTo72
                0x08001610       0xc8 ./system/src/cmsis/system_stm32f10x.o
 .text.SetSysClock
                0x080016d8        0x8 ./system/src/cmsis/system_stm32f10x.o
 .text.SystemInit
                0x080016e0       0x50 ./system/src/cmsis/system_stm32f10x.o
                0x080016e0                SystemInit
 .text.SystemCoreClockUpdate
                0x08001730       0x94 ./system/src/cmsis/system_stm32f10x.o
                0x08001730                SystemCoreClockUpdate
 .text._ZN8Commands25checkForPeriodicalActionsEb
                0x080017c4       0x48 ./src/Commands.o
                0x080017c4                Commands::checkForPeriodicalActions(bool)
 .text._ZN8Commands22waitUntilEndOfAllMovesEv
                0x0800180c       0x20 ./src/Commands.o
                0x0800180c                Commands::waitUntilEndOfAllMoves()
 *fill*         0x0800182c        0x4 
 .text._ZN8Commands20printCurrentPositionEPKc
                0x08001830      0x178 ./src/Commands.o
                0x08001830                Commands::printCurrentPosition(char const*)
 .text._ZN8Commands17printTemperaturesEb
                0x080019a8       0x68 ./src/Commands.o
                0x080019a8                Commands::printTemperatures(bool)
 .text._ZN8Commands22changeFeedrateMultiplyEi
                0x08001a10       0x50 ./src/Commands.o
                0x08001a10                Commands::changeFeedrateMultiply(int)
 .text._ZN8Commands22changeFlowrateMultiplyEi
                0x08001a60       0x8c ./src/Commands.o
                0x08001a60                Commands::changeFlowrateMultiply(int)
 .text._Z13microstepInitv
                0x08001aec        0x4 ./src/Commands.o
                0x08001aec                microstepInit()
 .text._ZN8Commands10processArcEP5GCode
                0x08001af0      0x240 ./src/Commands.o
                0x08001af0                Commands::processArc(GCode*)
 .text._ZN8Commands12processGCodeEP5GCode
                0x08001d30      0x340 ./src/Commands.o
                0x08001d30                Commands::processGCode(GCode*)
 .text._ZN8Commands13emergencyStopEv
                0x08002070        0x8 ./src/Commands.o
                0x08002070                Commands::emergencyStop()
 .text._ZN8Commands15checkFreeMemoryEv
                0x08002078       0x18 ./src/Commands.o
                0x08002078                Commands::checkFreeMemory()
 .text._ZN8Commands18writeLowestFreeRAMEv
                0x08002090       0x28 ./src/Commands.o
                0x08002090                Commands::writeLowestFreeRAM()
 .text._Z3absIfET_S0_
                0x080020b8       0x18 ./src/Commands.o
                0x080020b8                float abs<float>(float)
 .text._ZN8Commands12processMCodeEP5GCode
                0x080020d0      0xc2c ./src/Commands.o
                0x080020d0                Commands::processMCode(GCode*)
 .text._ZN8Commands12executeGCodeEP5GCode
                0x08002cfc       0x90 ./src/Commands.o
                0x08002cfc                Commands::executeGCode(GCode*)
 .text._ZN8Commands11commandLoopEv
                0x08002d8c       0x2c ./src/Commands.o
                0x08002d8c                Commands::commandLoop()
 .text._ZN3Com6printFEPKc
                0x08002db8       0x1c ./src/Communication.o
                0x08002db8                Com::printF(char const*)
 .text._ZN3Com11printErrorFEPKc
                0x08002dd4       0x18 ./src/Communication.o
                0x08002dd4                Com::printErrorF(char const*)
 .text._ZN3Com8printFLNEPKc
                0x08002dec       0x20 ./src/Communication.o
                0x08002dec                Com::printFLN(char const*)
 .text._ZN3Com6configEPKc
                0x08002e0c       0x18 ./src/Communication.o
                0x08002e0c                Com::config(char const*)
 .text._ZN3Com12printInfoFLNEPKc
                0x08002e24       0x18 ./src/Communication.o
                0x08002e24                Com::printInfoFLN(char const*)
 .text._ZN3Com13printErrorFLNEPKc
                0x08002e3c       0x18 ./src/Communication.o
                0x08002e3c                Com::printErrorFLN(char const*)
 .text._ZN3Com5printEPKc
                0x08002e54       0x1c ./src/Communication.o
                0x08002e54                Com::print(char const*)
 .text._ZN3Com11printNumberEm
                0x08002e70       0x38 ./src/Communication.o
                0x08002e70                Com::printNumber(unsigned long)
 .text._ZN3Com6printFEPKcm
                0x08002ea8       0x10 ./src/Communication.o
                0x08002ea8                Com::printF(char const*, unsigned long)
 .text._ZN3Com8printFLNEPKcm
                0x08002eb8       0x28 ./src/Communication.o
                0x08002eb8                Com::printFLN(char const*, unsigned long)
 .text._ZN3Com5printEl
                0x08002ee0       0x20 ./src/Communication.o
                0x08002ee0                Com::print(long)
 .text._ZN3Com6printFEPKci
                0x08002f00       0x10 ./src/Communication.o
                0x08002f00                Com::printF(char const*, int)
 .text._ZN3Com8printFLNEPKci
                0x08002f10       0x28 ./src/Communication.o
                0x08002f10                Com::printFLN(char const*, int)
 .text._ZN3Com6configEPKci
                0x08002f38       0x1c ./src/Communication.o
                0x08002f38                Com::config(char const*, int)
 .text._ZN3Com6printFEPKcl
                0x08002f54       0x10 ./src/Communication.o
                0x08002f54                Com::printF(char const*, long)
 .text._ZN3Com8printFLNEPKcl
                0x08002f64       0x28 ./src/Communication.o
                0x08002f64                Com::printFLN(char const*, long)
 .text._ZN3Com6configEPKcl
                0x08002f8c       0x1c ./src/Communication.o
                0x08002f8c                Com::config(char const*, long)
 .text._ZN3Com10printFloatEfh
                0x08002fa8       0xd0 ./src/Communication.o
                0x08002fa8                Com::printFloat(float, unsigned char)
 .text._ZN3Com8printFLNEPKcfh
                0x08003078       0x2c ./src/Communication.o
                0x08003078                Com::printFLN(char const*, float, unsigned char)
 .text._ZN3Com6configEPKcfh
                0x080030a4       0x20 ./src/Communication.o
                0x080030a4                Com::config(char const*, float, unsigned char)
 .text._ZN3Com6printFEPKcfh
                0x080030c4       0x14 ./src/Communication.o
                0x080030c4                Com::printF(char const*, float, unsigned char)
 .text._ZN6EEPROM6updateEP5GCode
                0x080030d8       0x10 ./src/Eeprom.o
                0x080030d8                EEPROM::update(GCode*)
 .text._ZN6EEPROM38restoreEEPROMSettingsFromConfigurationEv
                0x080030e8       0x10 ./src/Eeprom.o
                0x080030e8                EEPROM::restoreEEPROMSettingsFromConfiguration()
 .text._ZN6EEPROM19storeDataIntoEEPROMEh
                0x080030f8        0x4 ./src/Eeprom.o
                0x080030f8                EEPROM::storeDataIntoEEPROM(unsigned char)
 .text._ZN6EEPROM12initBaudrateEv
                0x080030fc       0x10 ./src/Eeprom.o
                0x080030fc                EEPROM::initBaudrate()
 .text._ZN6EEPROM4initEv
                0x0800310c        0x4 ./src/Eeprom.o
                0x0800310c                EEPROM::init()
 .text._ZN6EEPROM13writeSettingsEv
                0x08003110       0x10 ./src/Eeprom.o
                0x08003110                EEPROM::writeSettings()
 .text._Z18createGenericTablePA2_sssfffff
                0x08003120      0x168 ./src/Extruder.o
                0x08003120                createGenericTable(short (*) [2], short, short, float, float, float, float, float)
 .text._ZN8Extruder12initExtruderEv
                0x08003288       0xa4 ./src/Extruder.o
                0x08003288                Extruder::initExtruder()
 .text._ZN21TemperatureController21updateTempControlVarsEv
                0x0800332c       0x48 ./src/Extruder.o
                0x0800332c                TemperatureController::updateTempControlVars()
 .text._ZN8Extruder18selectExtruderByIdEh
                0x08003374      0x120 ./src/Extruder.o
                0x08003374                Extruder::selectExtruderById(unsigned char)
 .text._ZN8Extruder23setHeatedBedTemperatureEfb
                0x08003494        0x4 ./src/Extruder.o
                0x08003494                Extruder::setHeatedBedTemperature(float, bool)
 .text._ZN8Extruder4stepEv
                0x08003498        0xc ./src/Extruder.o
                0x08003498                Extruder::step()
 .text._ZN8Extruder6unstepEv
                0x080034a4        0xc ./src/Extruder.o
                0x080034a4                Extruder::unstep()
 .text._ZN8Extruder12setDirectionEh
                0x080034b0       0x18 ./src/Extruder.o
                0x080034b0                Extruder::setDirection(unsigned char)
 .text._ZN8Extruder6enableEv
                0x080034c8        0xc ./src/Extruder.o
                0x080034c8                Extruder::enable()
 .text._ZN8Extruder24disableAllExtruderMotorsEv
                0x080034d4       0x34 ./src/Extruder.o
                0x080034d4                Extruder::disableAllExtruderMotors()
 .text._ZN8Extruder14pauseExtrudersEv
                0x08003508       0x3c ./src/Extruder.o
                0x08003508                Extruder::pauseExtruders()
 .text._ZN21TemperatureController24updateCurrentTemperatureEv
                0x08003544      0x2c8 ./src/Extruder.o
                0x08003544                TemperatureController::updateCurrentTemperature()
 .text._ZN21TemperatureController20setTargetTemperatureEf
                0x0800380c      0x1d0 ./src/Extruder.o
                0x0800380c                TemperatureController::setTargetTemperature(float)
 .text._ZN8Extruder25setTemperatureForExtruderEfhb
                0x080039dc      0x128 ./src/Extruder.o
                0x080039dc                Extruder::setTemperatureForExtruder(float, unsigned char, bool)
 .text._ZN8Extruder16disableAllHeaterEv
                0x08003b04       0x38 ./src/Extruder.o
                0x08003b04                Extruder::disableAllHeater()
 *fill*         0x08003b3c        0x4 
 .text._ZN21TemperatureController11autotunePIDEfhib
                0x08003b40      0x350 ./src/Extruder.o
                0x08003b40                TemperatureController::autotunePID(float, unsigned char, int, bool)
 .text._Z12writeMonitorv
                0x08003e90       0x54 ./src/Extruder.o
                0x08003e90                writeMonitor()
 .text._Z21reportTempsensorErrorv
                0x08003ee4       0x7c ./src/Extruder.o
                0x08003ee4                reportTempsensorError()
 .text._ZN21TemperatureController24waitForTargetTemperatureEv
                0x08003f60       0x6c ./src/Extruder.o
                0x08003f60                TemperatureController::waitForTargetTemperature()
 .text._ZN8Extruder16unpauseExtrudersEv
                0x08003fcc       0x50 ./src/Extruder.o
                0x08003fcc                Extruder::unpauseExtruders()
 *fill*         0x0800401c        0x4 
 .text._ZN8Extruder18manageTemperaturesEv
                0x08004020      0x600 ./src/Extruder.o
                0x08004020                Extruder::manageTemperatures()
 .text._Z8GPIOReadi
                0x08004620       0x30 ./src/GPIO.o
                0x08004620                GPIORead(int)
 .text._Z9GPIOWriteii
                0x08004650       0x2c ./src/GPIO.o
                0x08004650                GPIOWrite(int, int)
 .text._Z14GPIO_Init_ModeP12GPIO_TypeDeft16GPIOMode_TypeDef
                0x0800467c       0x20 ./src/GPIO.o
                0x0800467c                GPIO_Init_Mode(GPIO_TypeDef*, unsigned short, GPIOMode_TypeDef)
 .text._Z12GPIOSetInputibb
                0x0800469c       0x38 ./src/GPIO.o
                0x0800469c                GPIOSetInput(int, bool, bool)
 .text._Z13GPIOSetOutputi
                0x080046d4       0x2c ./src/GPIO.o
                0x080046d4                GPIOSetOutput(int)
 .text._Z15InitializeTimerP11TIM_TypeDefttt
                0x08004700       0x38 ./src/HAL.o
                0x08004700                InitializeTimer(TIM_TypeDef*, unsigned short, unsigned short, unsigned short)
 .text._ZN3HAL10setupTimerEv
                0x08004738       0xa0 ./src/HAL.o
                0x08004738                HAL::setupTimer()
 .text._ZN3HAL11analogStartEv
                0x080047d8       0xbc ./src/HAL.o
                0x080047d8                HAL::analogStart()
 .text._ZN3HAL15showStartReasonEv
                0x08004894       0x10 ./src/HAL.o
                0x08004894                HAL::showStartReason()
 .text._ZN3HAL10getFreeRamEv
                0x080048a4       0x1c ./src/HAL.o
                0x080048a4                HAL::getFreeRam()
 .text._ZN3HAL13resetHardwareEv
                0x080048c0       0x20 ./src/HAL.o
                0x080048c0                HAL::resetHardware()
 .text._ZN3HAL7i2cInitEm
                0x080048e0        0x4 ./src/HAL.o
                0x080048e0                HAL::i2cInit(unsigned long)
 .text.TIM3_IRQHandler
                0x080048e4      0x16c ./src/HAL.o
                0x080048e4                TIM3_IRQHandler
 .text.TIM2_IRQHandler
                0x08004a50       0xac ./src/HAL.o
                0x08004a50                TIM2_IRQHandler
 .text.ADC1_2_IRQHandler
                0x08004afc      0x158 ./src/HAL.o
                0x08004afc                ADC1_2_IRQHandler
 .text._Z41__static_initialization_and_destruction_0ii
                0x08004c54       0x28 ./src/Printer.o
 .text._ZN7Printer26constrainDestinationCoordsEv
                0x08004c7c       0x6c ./src/Printer.o
                0x08004c7c                Printer::constrainDestinationCoords()
 .text._ZN7Printer17isPositionAllowedEfff
                0x08004ce8        0x4 ./src/Printer.o
                0x08004ce8                Printer::isPositionAllowed(float, float, float)
 .text._ZN7Printer4killEh
                0x08004cec       0x84 ./src/Printer.o
                0x08004cec                Printer::kill(unsigned char)
 .text._ZN7Printer18updateAdvanceFlagsEv
                0x08004d70       0x10 ./src/Printer.o
                0x08004d70                Printer::updateAdvanceFlags()
 .text._ZN7Printer22updateDerivedParameterEv
                0x08004d80      0x1e0 ./src/Printer.o
                0x08004d80                Printer::updateDerivedParameter()
 .text._ZN7Printer10moveToRealEfffff
                0x08004f60      0x158 ./src/Printer.o
                0x08004f60                Printer::moveToReal(float, float, float, float, float)
 .text._ZN7Printer9setOriginEfff
                0x080050b8       0x10 ./src/Printer.o
                0x080050b8                Printer::setOrigin(float, float, float)
 .text._ZN7Printer21updateCurrentPositionEb
                0x080050c8       0x80 ./src/Printer.o
                0x080050c8                Printer::updateCurrentPosition(bool)
 .text._ZN7Printer5setupEv
                0x08005148      0x284 ./src/Printer.o
                0x08005148                Printer::setup()
 .text._ZN7Printer18defaultLoopActionsEv
                0x080053cc       0x80 ./src/Printer.o
                0x080053cc                Printer::defaultLoopActions()
 .text._ZN7Printer14MemoryPositionEv
                0x0800544c       0x64 ./src/Printer.o
                0x0800544c                Printer::MemoryPosition()
 .text._ZN7Printer18GoToMemoryPositionEbbbbf
                0x080054b0       0xb0 ./src/Printer.o
                0x080054b0                Printer::GoToMemoryPosition(bool, bool, bool, bool, float)
 .text._ZN7Printer9homeXAxisEv
                0x08005560       0xe0 ./src/Printer.o
                0x08005560                Printer::homeXAxis()
 .text._ZN7Printer9homeYAxisEv
                0x08005640       0xe0 ./src/Printer.o
                0x08005640                Printer::homeYAxis()
 .text._ZN7Printer9homeZAxisEv
                0x08005720       0xc0 ./src/Printer.o
                0x08005720                Printer::homeZAxis()
 .text._ZN7Printer8homeAxisEbbb
                0x080057e0       0x90 ./src/Printer.o
                0x080057e0                Printer::homeAxis(bool, bool, bool)
 .text._ZN7Printer9zBabystepEv
                0x08005870       0x9c ./src/Printer.o
                0x08005870                Printer::zBabystep()
 .text._ZN7Printer12setCaseLightEb
                0x0800590c        0x4 ./src/Printer.o
                0x0800590c                Printer::setCaseLight(bool)
 .text._ZN7Printer21reportCaseLightStatusEv
                0x08005910       0x10 ./src/Printer.o
                0x08005910                Printer::reportCaseLightStatus()
 .text._ZN7Printer20handleInterruptEventEv
                0x08005920       0x14 ./src/Printer.o
                0x08005920                Printer::handleInterruptEvent()
 .text._ZN7Printer17showConfigurationEv
                0x08005934      0x33c ./src/Printer.o
                0x08005934                Printer::showConfiguration()
 .text._Z3absIlET_S0_
                0x08005c70        0x8 ./src/Printer.o
                0x08005c70                long abs<long>(long)
 .text._ZN7Printer28setDestinationStepsFromGCodeEP5GCode
                0x08005c78      0x3d0 ./src/Printer.o
                0x08005c78                Printer::setDestinationStepsFromGCode(GCode*)
 .text._GLOBAL__sub_I__ZN7Printer12unitIsInchesE
                0x08006048       0x10 ./src/Printer.o
 .text._ZN6SerialC2Em
                0x08006058       0xe0 ./src/Serial.o
                0x08006058                Serial::Serial(unsigned long)
                0x08006058                Serial::Serial(unsigned long)
 .text._Z3absImET_S0_
                0x08006138        0x4 ./src/Serial.o
                0x08006138                unsigned long abs<unsigned long>(unsigned long)
 .text._ZN6Serial9availableEv
                0x0800613c       0x1c ./src/Serial.o
                0x0800613c                Serial::available()
 .text._ZN6Serial15HandleInterruptEv
                0x08006158       0xb0 ./src/Serial.o
                0x08006158                Serial::HandleInterrupt()
 .text.USART1_IRQHandler
                0x08006208       0x10 ./src/Serial.o
                0x08006208                USART1_IRQHandler
 .text._ZN6Serial4readEv
                0x08006218       0x6c ./src/Serial.o
                0x08006218                Serial::read()
 .text._ZN6Serial5writeEh
                0x08006284       0x54 ./src/Serial.o
                0x08006284                Serial::write(unsigned char)
 .text._Z6millisv
                0x080062d8        0xc ./src/delay.o
                0x080062d8                millis()
 .text.SysTick_Handler
                0x080062e4       0x18 ./src/delay.o
                0x080062e4                SysTick_Handler
 .text._ZN5GCode17computeBinarySizeEPc
                0x080062fc      0x198 ./src/gcode.o
                0x080062fc                GCode::computeBinarySize(char*)
 .text._ZN5GCode13requestResendEv
                0x08006494       0x60 ./src/gcode.o
                0x08006494                GCode::requestResend()
 .text._ZN5GCode11pushCommandEv
                0x080064f4       0x28 ./src/gcode.o
                0x080064f4                GCode::pushCommand()
 .text._ZN5GCode19checkAndPushCommandEv
                0x0800651c      0x114 ./src/gcode.o
                0x0800651c                GCode::checkAndPushCommand()
 .text._ZN5GCode18peekCurrentCommandEv
                0x08006630       0x28 ./src/gcode.o
                0x08006630                GCode::peekCurrentCommand()
 .text._ZN5GCode11parseBinaryEPhb
                0x08006658      0x204 ./src/gcode.o
                0x08006658                GCode::parseBinary(unsigned char*, bool)
 .text._ZN5GCode10parseAsciiEPcb
                0x0800685c      0x410 ./src/gcode.o
                0x0800685c                GCode::parseAscii(char*, bool)
 .text._ZN5GCode14readFromSerialEv
                0x08006c6c      0x22c ./src/gcode.o
                0x08006c6c                GCode::readFromSerial()
 .text._ZN5GCode12printCommandEv
                0x08006e98      0x184 ./src/gcode.o
                0x08006e98                GCode::printCommand()
 .text._ZN5GCode11echoCommandEv
                0x0800701c       0x24 ./src/gcode.o
                0x0800701c                GCode::echoCommand()
 .text._ZN5GCode17popCurrentCommandEv
                0x08007040       0x38 ./src/gcode.o
                0x08007040                GCode::popCurrentCommand()
 .text.main     0x08007078        0xc ./src/main.o
                0x08007078                main
 .text._ZN9PrintLine20updateStepsParameterEv
                0x08007084       0xf0 ./src/motion.o
                0x08007084                PrintLine::updateStepsParameter()
 .text._ZN9PrintLine23insertWaitMovesIfNeededEhh
                0x08007174       0xb8 ./src/motion.o
                0x08007174                PrintLine::insertWaitMovesIfNeeded(unsigned char, unsigned char)
 .text._ZN9PrintLine17waitForXFreeLinesEhb
                0x0800722c       0x34 ./src/motion.o
                0x0800722c                PrintLine::waitForXFreeLines(unsigned char, bool)
 .text._ZN9PrintLine13bresenhamStepEv
                0x08007260      0x678 ./src/motion.o
                0x08007260                PrintLine::bresenhamStep()
 .text._ZN9PrintLine16updateTrapezoidsEv
                0x080078d8      0x5c8 ./src/motion.o
                0x080078d8                PrintLine::updateTrapezoids()
 .text._ZN9PrintLine13calculateMoveEPfh
                0x08007ea0      0x658 ./src/motion.o
                0x08007ea0                PrintLine::calculateMove(float*, unsigned char)
 .text._ZN9PrintLine18queueCartesianMoveEhh
                0x080084f8      0x254 ./src/motion.o
                0x080084f8                PrintLine::queueCartesianMove(unsigned char, unsigned char)
 .text._ZN9PrintLine27moveRelativeDistanceInStepsEllllfbb
                0x0800874c       0xb0 ./src/motion.o
                0x0800874c                PrintLine::moveRelativeDistanceInSteps(long, long, long, long, float, bool, bool)
 *fill*         0x080087fc        0x4 
 .text._ZN9PrintLine3arcEPfS0_S0_fh
                0x08008800      0x330 ./src/motion.o
                0x08008800                PrintLine::arc(float*, float*, float*, float, unsigned char)
 .text._Z4beephh
                0x08008b30        0x4 ./src/ui.o
                0x08008b30                beep(unsigned char, unsigned char)
 .text._Znwj    0x08008b34       0x28 c:/program files (x86)/gnu tools arm embedded/4.8 2014q2/bin/../lib/gcc/arm-none-eabi/4.8.4/../../../../arm-none-eabi/lib/armv7-m\libstdc++_s.a(new_op.o)
                0x08008b34                operator new(unsigned int)
 .text.cos      0x08008b5c       0x8c c:/program files (x86)/gnu tools arm embedded/4.8 2014q2/bin/../lib/gcc/arm-none-eabi/4.8.4/../../../../arm-none-eabi/lib/armv7-m\libm.a(lib_a-s_cos.o)
                0x08008b5c                cos
 .text.floor    0x08008be8      0x120 c:/program files (x86)/gnu tools arm embedded/4.8 2014q2/bin/../lib/gcc/arm-none-eabi/4.8.4/../../../../arm-none-eabi/lib/armv7-m\libm.a(lib_a-s_floor.o)
                0x08008be8                floor
 .text.__fpclassifyd
                0x08008d08       0x50 c:/program files (x86)/gnu tools arm embedded/4.8 2014q2/bin/../lib/gcc/arm-none-eabi/4.8.4/../../../../arm-none-eabi/lib/armv7-m\libm.a(lib_a-s_fpclassify.o)
                0x08008d08                __fpclassifyd
 .text.sin      0x08008d58       0x94 c:/program files (x86)/gnu tools arm embedded/4.8 2014q2/bin/../lib/gcc/arm-none-eabi/4.8.4/../../../../arm-none-eabi/lib/armv7-m\libm.a(lib_a-s_sin.o)
                0x08008d58                sin
 .text.__fpclassifyf
                0x08008dec       0x34 c:/program files (x86)/gnu tools arm embedded/4.8 2014q2/bin/../lib/gcc/arm-none-eabi/4.8.4/../../../../arm-none-eabi/lib/armv7-m\libm.a(lib_a-sf_fpclassify.o)
                0x08008dec                __fpclassifyf
 .text.atan2    0x08008e20        0x4 c:/program files (x86)/gnu tools arm embedded/4.8 2014q2/bin/../lib/gcc/arm-none-eabi/4.8.4/../../../../arm-none-eabi/lib/armv7-m\libm.a(lib_a-w_atan2.o)
                0x08008e20                atan2
 *fill*         0x08008e24        0x4 
 .text.exp      0x08008e28       0xf8 c:/program files (x86)/gnu tools arm embedded/4.8 2014q2/bin/../lib/gcc/arm-none-eabi/4.8.4/../../../../arm-none-eabi/lib/armv7-m\libm.a(lib_a-w_exp.o)
                0x08008e28                exp
 .text.hypot    0x08008f20       0xb0 c:/program files (x86)/gnu tools arm embedded/4.8 2014q2/bin/../lib/gcc/arm-none-eabi/4.8.4/../../../../arm-none-eabi/lib/armv7-m\libm.a(lib_a-w_hypot.o)
                0x08008f20                hypot
 .text.sqrt     0x08008fd0       0xac c:/program files (x86)/gnu tools arm embedded/4.8 2014q2/bin/../lib/gcc/arm-none-eabi/4.8.4/../../../../arm-none-eabi/lib/armv7-m\libm.a(lib_a-w_sqrt.o)
                0x08008fd0                sqrt
 *fill*         0x0800907c        0x4 
 .text.__ieee754_atan2
                0x08009080      0x1f0 c:/program files (x86)/gnu tools arm embedded/4.8 2014q2/bin/../lib/gcc/arm-none-eabi/4.8.4/../../../../arm-none-eabi/lib/armv7-m\libm.a(lib_a-e_atan2.o)
                0x08009080                __ieee754_atan2
 .text.__ieee754_exp
                0x08009270      0x2f8 c:/program files (x86)/gnu tools arm embedded/4.8 2014q2/bin/../lib/gcc/arm-none-eabi/4.8.4/../../../../arm-none-eabi/lib/armv7-m\libm.a(lib_a-e_exp.o)
                0x08009270                __ieee754_exp
 .text.__ieee754_hypot
                0x08009568      0x264 c:/program files (x86)/gnu tools arm embedded/4.8 2014q2/bin/../lib/gcc/arm-none-eabi/4.8.4/../../../../arm-none-eabi/lib/armv7-m\libm.a(lib_a-e_hypot.o)
                0x08009568                __ieee754_hypot
 *fill*         0x080097cc        0x4 
 .text.__ieee754_rem_pio2
                0x080097d0      0x440 c:/program files (x86)/gnu tools arm embedded/4.8 2014q2/bin/../lib/gcc/arm-none-eabi/4.8.4/../../../../arm-none-eabi/lib/armv7-m\libm.a(lib_a-e_rem_pio2.o)
                0x080097d0                __ieee754_rem_pio2
 .text.__ieee754_sqrt
                0x08009c10      0x180 c:/program files (x86)/gnu tools arm embedded/4.8 2014q2/bin/../lib/gcc/arm-none-eabi/4.8.4/../../../../arm-none-eabi/lib/armv7-m\libm.a(lib_a-e_sqrt.o)
                0x08009c10                __ieee754_sqrt
 .text.__kernel_cos
                0x08009d90      0x248 c:/program files (x86)/gnu tools arm embedded/4.8 2014q2/bin/../lib/gcc/arm-none-eabi/4.8.4/../../../../arm-none-eabi/lib/armv7-m\libm.a(lib_a-k_cos.o)
                0x08009d90                __kernel_cos
 .text.__kernel_rem_pio2
                0x08009fd8      0x7bc c:/program files (x86)/gnu tools arm embedded/4.8 2014q2/bin/../lib/gcc/arm-none-eabi/4.8.4/../../../../arm-none-eabi/lib/armv7-m\libm.a(lib_a-k_rem_pio2.o)
                0x08009fd8                __kernel_rem_pio2
 *fill*         0x0800a794        0x4 
 .text.__kernel_sin
                0x0800a798      0x170 c:/program files (x86)/gnu tools arm embedded/4.8 2014q2/bin/../lib/gcc/arm-none-eabi/4.8.4/../../../../arm-none-eabi/lib/armv7-m\libm.a(lib_a-k_sin.o)
                0x0800a798                __kernel_sin
 .text.atan     0x0800a908      0x350 c:/program files (x86)/gnu tools arm embedded/4.8 2014q2/bin/../lib/gcc/arm-none-eabi/4.8.4/../../../../arm-none-eabi/lib/armv7-m\libm.a(lib_a-s_atan.o)
                0x0800a908                atan
 .text.fabs     0x0800ac58        0x8 c:/program files (x86)/gnu tools arm embedded/4.8 2014q2/bin/../lib/gcc/arm-none-eabi/4.8.4/../../../../arm-none-eabi/lib/armv7-m\libm.a(lib_a-s_fabs.o)
                0x0800ac58                fabs
 .text.finite   0x0800ac60        0xc c:/program files (x86)/gnu tools arm embedded/4.8 2014q2/bin/../lib/gcc/arm-none-eabi/4.8.4/../../../../arm-none-eabi/lib/armv7-m\libm.a(lib_a-s_finite.o)
                0x0800ac60                finite
 .text.matherr  0x0800ac6c        0x4 c:/program files (x86)/gnu tools arm embedded/4.8 2014q2/bin/../lib/gcc/arm-none-eabi/4.8.4/../../../../arm-none-eabi/lib/armv7-m\libm.a(lib_a-s_matherr.o)
                0x0800ac6c                matherr
 .text.scalbn   0x0800ac70      0x100 c:/program files (x86)/gnu tools arm embedded/4.8 2014q2/bin/../lib/gcc/arm-none-eabi/4.8.4/../../../../arm-none-eabi/lib/armv7-m\libm.a(lib_a-s_scalbn.o)
                0x0800ac70                scalbn
 .text.copysign
                0x0800ad70       0x14 c:/program files (x86)/gnu tools arm embedded/4.8 2014q2/bin/../lib/gcc/arm-none-eabi/4.8.4/../../../../arm-none-eabi/lib/armv7-m\libm.a(lib_a-s_copysign.o)
                0x0800ad70                copysign
 .text          0x0800ad84      0x370 c:/program files (x86)/gnu tools arm embedded/4.8 2014q2/bin/../lib/gcc/arm-none-eabi/4.8.4/armv7-m\libgcc.a(_arm_addsubdf3.o)
                0x0800ad84                __aeabi_drsub
                0x0800ad8c                __aeabi_dsub
                0x0800ad8c                __subdf3
                0x0800ad90                __aeabi_dadd
                0x0800ad90                __adddf3
                0x0800b008                __floatunsidf
                0x0800b008                __aeabi_ui2d
                0x0800b028                __floatsidf
                0x0800b028                __aeabi_i2d
                0x0800b04c                __aeabi_f2d
                0x0800b04c                __extendsfdf2
                0x0800b088                __floatundidf
                0x0800b088                __aeabi_ul2d
                0x0800b098                __floatdidf
                0x0800b098                __aeabi_l2d
 .text          0x0800b0f4      0x424 c:/program files (x86)/gnu tools arm embedded/4.8 2014q2/bin/../lib/gcc/arm-none-eabi/4.8.4/armv7-m\libgcc.a(_arm_muldivdf3.o)
                0x0800b0f4                __aeabi_dmul
                0x0800b0f4                __muldf3
                0x0800b348                __divdf3
                0x0800b348                __aeabi_ddiv
 .text          0x0800b518      0x110 c:/program files (x86)/gnu tools arm embedded/4.8 2014q2/bin/../lib/gcc/arm-none-eabi/4.8.4/armv7-m\libgcc.a(_arm_cmpdf2.o)
                0x0800b518                __gtdf2
                0x0800b518                __gedf2
                0x0800b520                __ltdf2
                0x0800b520                __ledf2
                0x0800b528                __nedf2
                0x0800b528                __eqdf2
                0x0800b528                __cmpdf2
                0x0800b5a4                __aeabi_cdrcmple
                0x0800b5b4                __aeabi_cdcmpeq
                0x0800b5b4                __aeabi_cdcmple
                0x0800b5c4                __aeabi_dcmpeq
                0x0800b5d8                __aeabi_dcmplt
                0x0800b5ec                __aeabi_dcmple
                0x0800b600                __aeabi_dcmpge
                0x0800b614                __aeabi_dcmpgt
 .text          0x0800b628       0x50 c:/program files (x86)/gnu tools arm embedded/4.8 2014q2/bin/../lib/gcc/arm-none-eabi/4.8.4/armv7-m\libgcc.a(_arm_fixdfsi.o)
                0x0800b628                __aeabi_d2iz
                0x0800b628                __fixdfsi
 .text          0x0800b678       0x40 c:/program files (x86)/gnu tools arm embedded/4.8 2014q2/bin/../lib/gcc/arm-none-eabi/4.8.4/armv7-m\libgcc.a(_arm_fixunsdfsi.o)
                0x0800b678                __aeabi_d2uiz
                0x0800b678                __fixunsdfsi
 .text          0x0800b6b8       0xa0 c:/program files (x86)/gnu tools arm embedded/4.8 2014q2/bin/../lib/gcc/arm-none-eabi/4.8.4/armv7-m\libgcc.a(_arm_truncdfsf2.o)
                0x0800b6b8                __truncdfsf2
                0x0800b6b8                __aeabi_d2f
 .text          0x0800b758      0x21c c:/program files (x86)/gnu tools arm embedded/4.8 2014q2/bin/../lib/gcc/arm-none-eabi/4.8.4/armv7-m\libgcc.a(_arm_addsubsf3.o)
                0x0800b758                __aeabi_frsub
                0x0800b760                __subsf3
                0x0800b760                __aeabi_fsub
                0x0800b764                __aeabi_fadd
                0x0800b764                __addsf3
                0x0800b8c4                __aeabi_ui2f
                0x0800b8c4                __floatunsisf
                0x0800b8cc                __aeabi_i2f
                0x0800b8cc                __floatsisf
                0x0800b8e8                __aeabi_ul2f
                0x0800b8e8                __floatundisf
                0x0800b8f8                __aeabi_l2f
                0x0800b8f8                __floatdisf
 .text          0x0800b974      0x2a0 c:/program files (x86)/gnu tools arm embedded/4.8 2014q2/bin/../lib/gcc/arm-none-eabi/4.8.4/armv7-m\libgcc.a(_arm_muldivsf3.o)
                0x0800b974                __mulsf3
                0x0800b974                __aeabi_fmul
                0x0800badc                __aeabi_fdiv
                0x0800badc                __divsf3
 .text          0x0800bc14       0xec c:/program files (x86)/gnu tools arm embedded/4.8 2014q2/bin/../lib/gcc/arm-none-eabi/4.8.4/armv7-m\libgcc.a(_arm_cmpsf2.o)
                0x0800bc14                __gesf2
                0x0800bc14                __gtsf2
                0x0800bc1c                __lesf2
                0x0800bc1c                __ltsf2
                0x0800bc24                __nesf2
                0x0800bc24                __eqsf2
                0x0800bc24                __cmpsf2
                0x0800bc84                __aeabi_cfrcmple
                0x0800bc8c                __aeabi_cfcmpeq
                0x0800bc8c                __aeabi_cfcmple
                0x0800bc9c                __aeabi_fcmpeq
                0x0800bcb0                __aeabi_fcmplt
                0x0800bcc4                __aeabi_fcmple
                0x0800bcd8                __aeabi_fcmpge
                0x0800bcec                __aeabi_fcmpgt
 .text          0x0800bd00       0x4c c:/program files (x86)/gnu tools arm embedded/4.8 2014q2/bin/../lib/gcc/arm-none-eabi/4.8.4/armv7-m\libgcc.a(_arm_fixsfsi.o)
                0x0800bd00                __aeabi_f2iz
                0x0800bd00                __fixsfsi
 .text          0x0800bd4c       0x40 c:/program files (x86)/gnu tools arm embedded/4.8 2014q2/bin/../lib/gcc/arm-none-eabi/4.8.4/armv7-m\libgcc.a(_arm_fixunssfsi.o)
                0x0800bd4c                __fixunssfsi
                0x0800bd4c                __aeabi_f2uiz
 .text          0x0800bd8c       0x2c c:/program files (x86)/gnu tools arm embedded/4.8 2014q2/bin/../lib/gcc/arm-none-eabi/4.8.4/armv7-m\libgcc.a(_aeabi_uldivmod.o)
                0x0800bd8c                __aeabi_uldivmod
 .text          0x0800bdb8       0x60 c:/program files (x86)/gnu tools arm embedded/4.8 2014q2/bin/../lib/gcc/arm-none-eabi/4.8.4/armv7-m\libgcc.a(bpabi.o)
                0x0800bdb8                __gnu_ldivmod_helper
                0x0800bde8                __gnu_uldivmod_helper
 .text          0x0800be18        0x4 c:/program files (x86)/gnu tools arm embedded/4.8 2014q2/bin/../lib/gcc/arm-none-eabi/4.8.4/armv7-m\libgcc.a(_dvmd_tls.o)
                0x0800be18                __aeabi_idiv0
                0x0800be18                __aeabi_ldiv0
 .text          0x0800be1c      0x2a0 c:/program files (x86)/gnu tools arm embedded/4.8 2014q2/bin/../lib/gcc/arm-none-eabi/4.8.4/armv7-m\libgcc.a(_divdi3.o)
                0x0800be1c                __divdi3
 .text          0x0800c0bc      0x290 c:/program files (x86)/gnu tools arm embedded/4.8 2014q2/bin/../lib/gcc/arm-none-eabi/4.8.4/armv7-m\libgcc.a(_udivdi3.o)
                0x0800c0bc                __udivdi3
 .text.__errno  0x0800c34c        0xc c:/program files (x86)/gnu tools arm embedded/4.8 2014q2/bin/../lib/gcc/arm-none-eabi/4.8.4/../../../../arm-none-eabi/lib/armv7-m\libg_s.a(lib_a-errno.o)
                0x0800c34c                __errno
 .text.malloc   0x0800c358       0x10 c:/program files (x86)/gnu tools arm embedded/4.8 2014q2/bin/../lib/gcc/arm-none-eabi/4.8.4/../../../../arm-none-eabi/lib/armv7-m\libg_s.a(lib_a-malloc.o)
                0x0800c358                malloc
 .text.mallinfo
                0x0800c368       0x14 c:/program files (x86)/gnu tools arm embedded/4.8 2014q2/bin/../lib/gcc/arm-none-eabi/4.8.4/../../../../arm-none-eabi/lib/armv7-m\libg_s.a(lib_a-mstats.o)
                0x0800c368                mallinfo
 .text._mallinfo_r
                0x0800c37c       0x5c c:/program files (x86)/gnu tools arm embedded/4.8 2014q2/bin/../lib/gcc/arm-none-eabi/4.8.4/../../../../arm-none-eabi/lib/armv7-m\libg_s.a(lib_a-nano-mallinfor.o)
                0x0800c37c                _mallinfo_r
 .text._malloc_r
                0x0800c3d8       0xa8 c:/program files (x86)/gnu tools arm embedded/4.8 2014q2/bin/../lib/gcc/arm-none-eabi/4.8.4/../../../../arm-none-eabi/lib/armv7-m\libg_s.a(lib_a-nano-mallocr.o)
                0x0800c3d8                _malloc_r
 .text._sbrk_r  0x0800c480       0x20 c:/program files (x86)/gnu tools arm embedded/4.8 2014q2/bin/../lib/gcc/arm-none-eabi/4.8.4/../../../../arm-none-eabi/lib/armv7-m\libg_s.a(lib_a-sbrkr.o)
                0x0800c480                _sbrk_r
 .text.match    0x0800c4a0       0x28 c:/program files (x86)/gnu tools arm embedded/4.8 2014q2/bin/../lib/gcc/arm-none-eabi/4.8.4/../../../../arm-none-eabi/lib/armv7-m\libg_s.a(lib_a-strtod.o)
 .text.sulp     0x0800c4c8       0x3e c:/program files (x86)/gnu tools arm embedded/4.8 2014q2/bin/../lib/gcc/arm-none-eabi/4.8.4/../../../../arm-none-eabi/lib/armv7-m\libg_s.a(lib_a-strtod.o)
 *fill*         0x0800c506        0x2 
 .text._strtod_r
                0x0800c508      0xc38 c:/program files (x86)/gnu tools arm embedded/4.8 2014q2/bin/../lib/gcc/arm-none-eabi/4.8.4/../../../../arm-none-eabi/lib/armv7-m\libg_s.a(lib_a-strtod.o)
                0x0800c508                _strtod_r
 .text.strtod   0x0800d140       0x14 c:/program files (x86)/gnu tools arm embedded/4.8 2014q2/bin/../lib/gcc/arm-none-eabi/4.8.4/../../../../arm-none-eabi/lib/armv7-m\libg_s.a(lib_a-strtod.o)
                0x0800d140                strtod
 .text._strtol_r
                0x0800d154      0x104 c:/program files (x86)/gnu tools arm embedded/4.8 2014q2/bin/../lib/gcc/arm-none-eabi/4.8.4/../../../../arm-none-eabi/lib/armv7-m\libg_s.a(lib_a-strtol.o)
                0x0800d154                _strtol_r
 .text.strtol   0x0800d258       0x1c c:/program files (x86)/gnu tools arm embedded/4.8 2014q2/bin/../lib/gcc/arm-none-eabi/4.8.4/../../../../arm-none-eabi/lib/armv7-m\libg_s.a(lib_a-strtol.o)
                0x0800d258                strtol
 .text.sbrk     0x0800d274       0x10 c:/program files (x86)/gnu tools arm embedded/4.8 2014q2/bin/../lib/gcc/arm-none-eabi/4.8.4/../../../../arm-none-eabi/lib/armv7-m\libg_s.a(lib_a-syssbrk.o)
                0x0800d274                sbrk
 .text.rshift   0x0800d284       0x6a c:/program files (x86)/gnu tools arm embedded/4.8 2014q2/bin/../lib/gcc/arm-none-eabi/4.8.4/../../../../arm-none-eabi/lib/armv7-m\libg_s.a(lib_a-gdtoa-gethex.o)
 .text.__hexdig_fun
                0x0800d2ee       0x2a c:/program files (x86)/gnu tools arm embedded/4.8 2014q2/bin/../lib/gcc/arm-none-eabi/4.8.4/../../../../arm-none-eabi/lib/armv7-m\libg_s.a(lib_a-gdtoa-gethex.o)
                0x0800d2ee                __hexdig_fun
 .text.__gethex
                0x0800d318      0x45e c:/program files (x86)/gnu tools arm embedded/4.8 2014q2/bin/../lib/gcc/arm-none-eabi/4.8.4/../../../../arm-none-eabi/lib/armv7-m\libg_s.a(lib_a-gdtoa-gethex.o)
                0x0800d318                __gethex
 .text.L_shift  0x0800d776       0x26 c:/program files (x86)/gnu tools arm embedded/4.8 2014q2/bin/../lib/gcc/arm-none-eabi/4.8.4/../../../../arm-none-eabi/lib/armv7-m\libg_s.a(lib_a-gdtoa-hexnan.o)
 .text.__hexnan
                0x0800d79c      0x120 c:/program files (x86)/gnu tools arm embedded/4.8 2014q2/bin/../lib/gcc/arm-none-eabi/4.8.4/../../../../arm-none-eabi/lib/armv7-m\libg_s.a(lib_a-gdtoa-hexnan.o)
                0x0800d79c                __hexnan
 .text._localeconv_r
                0x0800d8bc        0x8 c:/program files (x86)/gnu tools arm embedded/4.8 2014q2/bin/../lib/gcc/arm-none-eabi/4.8.4/../../../../arm-none-eabi/lib/armv7-m\libg_s.a(lib_a-locale.o)
                0x0800d8bc                _localeconv_r
 .text.memcpy   0x0800d8c4       0x12 c:/program files (x86)/gnu tools arm embedded/4.8 2014q2/bin/../lib/gcc/arm-none-eabi/4.8.4/../../../../arm-none-eabi/lib/armv7-m\libg_s.a(lib_a-memcpy-stub.o)
                0x0800d8c4                memcpy
 .text.memset   0x0800d8d6       0x10 c:/program files (x86)/gnu tools arm embedded/4.8 2014q2/bin/../lib/gcc/arm-none-eabi/4.8.4/../../../../arm-none-eabi/lib/armv7-m\libg_s.a(lib_a-memset.o)
                0x0800d8d6                memset
 .text._Balloc  0x0800d8e6       0x6a c:/program files (x86)/gnu tools arm embedded/4.8 2014q2/bin/../lib/gcc/arm-none-eabi/4.8.4/../../../../arm-none-eabi/lib/armv7-m\libg_s.a(lib_a-mprec.o)
                0x0800d8e6                _Balloc
 .text._Bfree   0x0800d950       0x2e c:/program files (x86)/gnu tools arm embedded/4.8 2014q2/bin/../lib/gcc/arm-none-eabi/4.8.4/../../../../arm-none-eabi/lib/armv7-m\libg_s.a(lib_a-mprec.o)
                0x0800d950                _Bfree
 .text.__multadd
                0x0800d97e       0x74 c:/program files (x86)/gnu tools arm embedded/4.8 2014q2/bin/../lib/gcc/arm-none-eabi/4.8.4/../../../../arm-none-eabi/lib/armv7-m\libg_s.a(lib_a-mprec.o)
                0x0800d97e                __multadd
 .text.__s2b    0x0800d9f2       0x84 c:/program files (x86)/gnu tools arm embedded/4.8 2014q2/bin/../lib/gcc/arm-none-eabi/4.8.4/../../../../arm-none-eabi/lib/armv7-m\libg_s.a(lib_a-mprec.o)
                0x0800d9f2                __s2b
 .text.__hi0bits
                0x0800da76       0x40 c:/program files (x86)/gnu tools arm embedded/4.8 2014q2/bin/../lib/gcc/arm-none-eabi/4.8.4/../../../../arm-none-eabi/lib/armv7-m\libg_s.a(lib_a-mprec.o)
                0x0800da76                __hi0bits
 .text.__lo0bits
                0x0800dab6       0x5a c:/program files (x86)/gnu tools arm embedded/4.8 2014q2/bin/../lib/gcc/arm-none-eabi/4.8.4/../../../../arm-none-eabi/lib/armv7-m\libg_s.a(lib_a-mprec.o)
                0x0800dab6                __lo0bits
 .text.__i2b    0x0800db10       0x12 c:/program files (x86)/gnu tools arm embedded/4.8 2014q2/bin/../lib/gcc/arm-none-eabi/4.8.4/../../../../arm-none-eabi/lib/armv7-m\libg_s.a(lib_a-mprec.o)
                0x0800db10                __i2b
 .text.__multiply
                0x0800db22      0x130 c:/program files (x86)/gnu tools arm embedded/4.8 2014q2/bin/../lib/gcc/arm-none-eabi/4.8.4/../../../../arm-none-eabi/lib/armv7-m\libg_s.a(lib_a-mprec.o)
                0x0800db22                __multiply
 *fill*         0x0800dc52        0x2 
 .text.__pow5mult
                0x0800dc54       0x9c c:/program files (x86)/gnu tools arm embedded/4.8 2014q2/bin/../lib/gcc/arm-none-eabi/4.8.4/../../../../arm-none-eabi/lib/armv7-m\libg_s.a(lib_a-mprec.o)
                0x0800dc54                __pow5mult
 .text.__lshift
                0x0800dcf0       0xa6 c:/program files (x86)/gnu tools arm embedded/4.8 2014q2/bin/../lib/gcc/arm-none-eabi/4.8.4/../../../../arm-none-eabi/lib/armv7-m\libg_s.a(lib_a-mprec.o)
                0x0800dcf0                __lshift
 .text.__mcmp   0x0800dd96       0x3a c:/program files (x86)/gnu tools arm embedded/4.8 2014q2/bin/../lib/gcc/arm-none-eabi/4.8.4/../../../../arm-none-eabi/lib/armv7-m\libg_s.a(lib_a-mprec.o)
                0x0800dd96                __mcmp
 .text.__mdiff  0x0800ddd0       0xbe c:/program files (x86)/gnu tools arm embedded/4.8 2014q2/bin/../lib/gcc/arm-none-eabi/4.8.4/../../../../arm-none-eabi/lib/armv7-m\libg_s.a(lib_a-mprec.o)
                0x0800ddd0                __mdiff
 *fill*         0x0800de8e        0x2 
 .text.__ulp    0x0800de90       0x44 c:/program files (x86)/gnu tools arm embedded/4.8 2014q2/bin/../lib/gcc/arm-none-eabi/4.8.4/../../../../arm-none-eabi/lib/armv7-m\libg_s.a(lib_a-mprec.o)
                0x0800de90                __ulp
 .text.__b2d    0x0800ded4       0xa6 c:/program files (x86)/gnu tools arm embedded/4.8 2014q2/bin/../lib/gcc/arm-none-eabi/4.8.4/../../../../arm-none-eabi/lib/armv7-m\libg_s.a(lib_a-mprec.o)
                0x0800ded4                __b2d
 .text.__d2b    0x0800df7a       0xa4 c:/program files (x86)/gnu tools arm embedded/4.8 2014q2/bin/../lib/gcc/arm-none-eabi/4.8.4/../../../../arm-none-eabi/lib/armv7-m\libg_s.a(lib_a-mprec.o)
                0x0800df7a                __d2b
 .text.__ratio  0x0800e01e       0x4a c:/program files (x86)/gnu tools arm embedded/4.8 2014q2/bin/../lib/gcc/arm-none-eabi/4.8.4/../../../../arm-none-eabi/lib/armv7-m\libg_s.a(lib_a-mprec.o)
                0x0800e01e                __ratio
 .text.__copybits
                0x0800e068       0x32 c:/program files (x86)/gnu tools arm embedded/4.8 2014q2/bin/../lib/gcc/arm-none-eabi/4.8.4/../../../../arm-none-eabi/lib/armv7-m\libg_s.a(lib_a-mprec.o)
                0x0800e068                __copybits
 .text.__any_on
                0x0800e09a       0x48 c:/program files (x86)/gnu tools arm embedded/4.8 2014q2/bin/../lib/gcc/arm-none-eabi/4.8.4/../../../../arm-none-eabi/lib/armv7-m\libg_s.a(lib_a-mprec.o)
                0x0800e09a                __any_on
 .text._calloc_r
                0x0800e0e2       0x1c c:/program files (x86)/gnu tools arm embedded/4.8 2014q2/bin/../lib/gcc/arm-none-eabi/4.8.4/../../../../arm-none-eabi/lib/armv7-m\libg_s.a(lib_a-nano-callocr.o)
                0x0800e0e2                _calloc_r
 .text.strlen   0x0800e0fe       0x10 c:/program files (x86)/gnu tools arm embedded/4.8 2014q2/bin/../lib/gcc/arm-none-eabi/4.8.4/../../../../arm-none-eabi/lib/armv7-m\libg_s.a(lib_a-strlen.o)
                0x0800e0fe                strlen
 .text.strncmp  0x0800e10e       0x2c c:/program files (x86)/gnu tools arm embedded/4.8 2014q2/bin/../lib/gcc/arm-none-eabi/4.8.4/../../../../arm-none-eabi/lib/armv7-m\libg_s.a(lib_a-strncmp.o)
                0x0800e10e                strncmp
 *(.rodata .rodata.*)
 *fill*         0x0800e13a        0x2 
 .rodata.str1.4
                0x0800e13c       0x27 ./system/src/stm32f1-stdperiph/misc.o
                                 0x28 (size before relaxing)
 *fill*         0x0800e163        0x1 
 .rodata.str1.4
                0x0800e164       0x30 ./system/src/stm32f1-stdperiph/stm32f10x_adc.o
 .rodata.str1.4
                0x0800e194       0x31 ./system/src/stm32f1-stdperiph/stm32f10x_gpio.o
                                 0x34 (size before relaxing)
 *fill*         0x0800e1c5        0x3 
 .rodata.str1.4
                0x0800e1c8       0x30 ./system/src/stm32f1-stdperiph/stm32f10x_rcc.o
 .rodata.str1.4
                0x0800e1f8       0x30 ./system/src/stm32f1-stdperiph/stm32f10x_tim.o
 .rodata.str1.4
                0x0800e228       0x32 ./system/src/stm32f1-stdperiph/stm32f10x_usart.o
                                 0x34 (size before relaxing)
 *fill*         0x0800e25a        0x2 
 .rodata._ZL14sensitive_pins
                0x0800e25c       0x70 ./src/Commands.o
 .rodata.str1.4
                0x0800e2cc      0x186 ./src/Commands.o
                                0x188 (size before relaxing)
 *fill*         0x0800e452        0x2 
 .rodata._ZN3Com8tFreeRAME
                0x0800e454        0xc ./src/Communication.o
                0x0800e454                Com::tFreeRAM
 .rodata._ZN3Com7tConfigE
                0x0800e460        0x8 ./src/Communication.o
                0x0800e460                Com::tConfig
 .rodata._ZN3Com17tPIDAutotuneStartE
                0x0800e468       0x14 ./src/Communication.o
                0x0800e468                Com::tPIDAutotuneStart
 .rodata._ZN3Com14tExtruderSpaceE
                0x0800e47c        0xc ./src/Communication.o
                0x0800e47c                Com::tExtruderSpace
 .rodata._ZN3Com7tAPIDTuE
                0x0800e488        0x8 ./src/Communication.o
                0x0800e488                Com::tAPIDTu
 .rodata._ZN3Com6tColonE
                0x0800e490        0x4 ./src/Communication.o
                0x0800e490                Com::tColon
 .rodata._ZN3Com5tEchoE
                0x0800e494        0x8 ./src/Communication.o
                0x0800e494                Com::tEcho
 .rodata._ZN3Com2tJE
                0x0800e49c        0x4 ./src/Communication.o
                0x0800e49c                Com::tJ
 .rodata._ZN3Com5tWaitE
                0x0800e4a0        0x8 ./src/Communication.o
                0x0800e4a0                Com::tWait
 .rodata._ZN3Com7tAPIDKuE
                0x0800e4a8        0x8 ./src/Communication.o
                0x0800e4a8                Com::tAPIDKu
 .rodata._ZN3Com13tAPIDFinishedE
                0x0800e4b0       0x5c ./src/Communication.o
                0x0800e4b0                Com::tAPIDFinished
 .rodata._ZN3Com7tTColonE
                0x0800e50c        0x4 ./src/Communication.o
                0x0800e50c                Com::tTColon
 .rodata._ZN3Com13tSpaceAtColonE
                0x0800e510        0x4 ./src/Communication.o
                0x0800e510                Com::tSpaceAtColon
 .rodata._ZN3Com11tInvalidArcE
                0x0800e514        0xc ./src/Communication.o
                0x0800e514                Com::tInvalidArc
 .rodata._ZN3Com12tFormatErrorE
                0x0800e520       0x10 ./src/Communication.o
                0x0800e520                Com::tFormatError
 .rodata._ZN3Com10tYMinColonE
                0x0800e530        0x8 ./src/Communication.o
                0x0800e530                Com::tYMinColon
 .rodata._ZN3Com8tOkSpaceE
                0x0800e538        0x4 ./src/Communication.o
                0x0800e538                Com::tOkSpace
 .rodata._ZN3Com8tExtrDotE
                0x0800e53c        0x8 ./src/Communication.o
                0x0800e53c                Com::tExtrDot
 .rodata._ZN3Com14tSpeedMultiplyE
                0x0800e544       0x10 ./src/Communication.o
                0x0800e544                Com::tSpeedMultiply
 .rodata._ZN3Com5tSkipE
                0x0800e554        0x8 ./src/Communication.o
                0x0800e554                Com::tSkip
 .rodata._ZN3Com12tSpaceYColonE
                0x0800e55c        0x4 ./src/Communication.o
                0x0800e55c                Com::tSpaceYColon
 .rodata._ZN3Com2tRE
                0x0800e560        0x4 ./src/Communication.o
                0x0800e560                Com::tR
 .rodata._ZN3Com11tMTEMPColonE
                0x0800e564        0x8 ./src/Communication.o
                0x0800e564                Com::tMTEMPColon
 .rodata._ZN3Com15tUnknownCommandE
                0x0800e56c       0x14 ./src/Communication.o
                0x0800e56c                Com::tUnknownCommand
 .rodata._ZN3Com6tErrorE
                0x0800e580        0x8 ./src/Communication.o
                0x0800e580                Com::tError
 .rodata._ZN3Com11tTargetExtrE
                0x0800e588        0xc ./src/Communication.o
                0x0800e588                Com::tTargetExtr
 .rodata._ZN3Com4tGotE
                0x0800e594        0x8 ./src/Communication.o
                0x0800e594                Com::tGot
 .rodata._ZN3Com13tFlowMultiplyE
                0x0800e59c       0x10 ./src/Communication.o
                0x0800e59c                Com::tFlowMultiply
 .rodata._ZN3Com2tYE
                0x0800e5ac        0x4 ./src/Communication.o
                0x0800e5ac                Com::tY
 .rodata._ZN3Com3tOkE
                0x0800e5b0        0x4 ./src/Communication.o
                0x0800e5b0                Com::tOk
 .rodata._ZN3Com7tXColonE
                0x0800e5b4        0x4 ./src/Communication.o
                0x0800e5b4                Com::tXColon
 .rodata._ZN3Com13tExpectedLineE
                0x0800e5b8       0x18 ./src/Communication.o
                0x0800e5b8                Com::tExpectedLine
 .rodata._ZN3Com10tHeatedBedE
                0x0800e5d0        0xc ./src/Communication.o
                0x0800e5d0                Com::tHeatedBed
 .rodata._ZN3Com12tAPIDClassicE
                0x0800e5dc       0x10 ./src/Communication.o
                0x0800e5dc                Com::tAPIDClassic
 .rodata._ZN3Com10tJerkColonE
                0x0800e5ec        0x8 ./src/Communication.o
                0x0800e5ec                Com::tJerkColon
 .rodata._ZN3Com2tZE
                0x0800e5f4        0x4 ./src/Communication.o
                0x0800e5f4                Com::tZ
 .rodata._ZN3Com8tAPIDMinE
                0x0800e5f8        0x8 ./src/Communication.o
                0x0800e5f8                Com::tAPIDMin
 .rodata._ZN3Com20tDryModeUntilRestartE
                0x0800e600       0x30 ./src/Communication.o
                0x0800e600                Com::tDryModeUntilRestart
 .rodata._ZN3Com5tInfoE
                0x0800e630        0x8 ./src/Communication.o
                0x0800e630                Com::tInfo
 .rodata._ZN3Com6tAPIDDE
                0x0800e638        0x8 ./src/Communication.o
                0x0800e638                Com::tAPIDD
 .rodata._ZN3Com9tAPIDBiasE
                0x0800e640        0x8 ./src/Communication.o
                0x0800e640                Com::tAPIDBias
 .rodata._ZN3Com18tTempSensorWorkingE
                0x0800e648        0xc ./src/Communication.o
                0x0800e648                Com::tTempSensorWorking
 .rodata._ZN3Com2tSE
                0x0800e654        0x4 ./src/Communication.o
                0x0800e654                Com::tS
 .rodata._ZN3Com8tPowerUpE
                0x0800e658        0x8 ./src/Communication.o
                0x0800e658                Com::tPowerUp
 .rodata._ZN3Com7tAPIDKdE
                0x0800e660        0x8 ./src/Communication.o
                0x0800e660                Com::tAPIDKd
 .rodata._ZN3Com9tFirmwareE
                0x0800e668       0xa8 ./src/Communication.o
                0x0800e668                Com::tFirmware
 .rodata._ZN3Com6tStartE
                0x0800e710        0x8 ./src/Communication.o
                0x0800e710                Com::tStart
 .rodata._ZN3Com7tLSpaceE
                0x0800e718        0x4 ./src/Communication.o
                0x0800e718                Com::tLSpace
 .rodata._ZN3Com10tZMinColonE
                0x0800e71c        0x8 ./src/Communication.o
                0x0800e71c                Com::tZMinColon
 .rodata._ZN3Com15tAPIDFailedHighE
                0x0800e724       0x2c ./src/Communication.o
                0x0800e724                Com::tAPIDFailedHigh
 .rodata._ZN3Com2tPE
                0x0800e750        0x4 ./src/Communication.o
                0x0800e750                Com::tP
 .rodata._ZN3Com13tSpaceIsSpaceE
                0x0800e754        0x8 ./src/Communication.o
                0x0800e754                Com::tSpaceIsSpace
 .rodata._ZN3Com2tEE
                0x0800e75c        0x4 ./src/Communication.o
                0x0800e75c                Com::tE
 .rodata._ZN3Com12tSpaceZColonE
                0x0800e760        0x4 ./src/Communication.o
                0x0800e760                Com::tSpaceZColon
 .rodata._ZN3Com7tAPIDKpE
                0x0800e764        0x8 ./src/Communication.o
                0x0800e764                Com::tAPIDKp
 .rodata._ZN3Com11tSpaceSlashE
                0x0800e76c        0x4 ./src/Communication.o
                0x0800e76c                Com::tSpaceSlash
 .rodata._ZN3Com14tWrongChecksumE
                0x0800e770       0x10 ./src/Communication.o
                0x0800e770                Com::tWrongChecksum
 .rodata._ZN3Com4tINFE
                0x0800e780        0x4 ./src/Communication.o
                0x0800e780                Com::tINF
 .rodata._ZN3Com2tIE
                0x0800e784        0x4 ./src/Communication.o
                0x0800e784                Com::tI
 .rodata._ZN3Com2tXE
                0x0800e788        0x4 ./src/Communication.o
                0x0800e788                Com::tX
 .rodata._ZN3Com7tAPIDKiE
                0x0800e78c        0x8 ./src/Communication.o
                0x0800e78c                Com::tAPIDKi
 .rodata._ZN3Com15tSetOutputSpaceE
                0x0800e794       0x10 ./src/Communication.o
                0x0800e794                Com::tSetOutputSpace
 .rodata._ZN3Com13tSpaceToSpaceE
                0x0800e7a4        0x8 ./src/Communication.o
                0x0800e7a4                Com::tSpaceToSpace
 .rodata._ZN3Com4tNANE
                0x0800e7ac        0x4 ./src/Communication.o
                0x0800e7ac                Com::tNAN
 .rodata._ZN3Com10tXMinColonE
                0x0800e7b0        0x8 ./src/Communication.o
                0x0800e7b0                Com::tXMinColon
 .rodata._ZN3Com7tResendE
                0x0800e7b8        0x8 ./src/Communication.o
                0x0800e7b8                Com::tResend
 .rodata._ZN3Com12tSpaceEColonE
                0x0800e7c0        0x4 ./src/Communication.o
                0x0800e7c0                Com::tSpaceEColon
 .rodata._ZN3Com18tAPIDFailedTimeoutE
                0x0800e7c4       0x20 ./src/Communication.o
                0x0800e7c4                Com::tAPIDFailedTimeout
 .rodata._ZN3Com23tHeaterDecoupledWarningE
                0x0800e7e4       0x48 ./src/Communication.o
                0x0800e7e4                Com::tHeaterDecoupledWarning
 .rodata._ZN3Com16tNoEEPROMSupportE
                0x0800e82c       0x20 ./src/Communication.o
                0x0800e82c                Com::tNoEEPROMSupport
 .rodata._ZN3Com6tSpaceE
                0x0800e84c        0x4 ./src/Communication.o
                0x0800e84c                Com::tSpace
 .rodata._ZN3Com11tZJerkColonE
                0x0800e850        0x8 ./src/Communication.o
                0x0800e850                Com::tZJerkColon
 .rodata._ZN3Com17tTempSensorDefectE
                0x0800e858       0x18 ./src/Communication.o
                0x0800e858                Com::tTempSensorDefect
 .rodata._ZN3Com8tAPIDMaxE
                0x0800e870        0x8 ./src/Communication.o
                0x0800e870                Com::tAPIDMax
 .rodata._ZN3Com7tHSpaceE
                0x0800e878        0x4 ./src/Communication.o
                0x0800e878                Com::tHSpace
 .rodata._ZN3Com2tFE
                0x0800e87c        0x4 ./src/Communication.o
                0x0800e87c                Com::tF
 .rodata._ZL11temptable_8
                0x0800e880       0x88 ./src/Extruder.o
 .rodata._ZL11temptable_9
                0x0800e908      0x10c ./src/Extruder.o
 .rodata._ZL15ext0_select_cmd
                0x0800ea14        0x4 ./src/Extruder.o
 .rodata._ZL14temptables_num
                0x0800ea18        0xc ./src/Extruder.o
 .rodata._ZL17ext0_deselect_cmd
                0x0800ea24        0x4 ./src/Extruder.o
 .rodata._ZL11temptable_1
                0x0800ea28       0x70 ./src/Extruder.o
 .rodata.str1.4
                0x0800ea98       0x68 ./src/Extruder.o
 .rodata._ZL10temptables
                0x0800eb00       0x30 ./src/Extruder.o
 .rodata._ZL12temptable_10
                0x0800eb30       0x50 ./src/Extruder.o
 .rodata._ZL12temptable_11
                0x0800eb80       0x7c ./src/Extruder.o
 .rodata._ZL12temptable_12
                0x0800ebfc       0x7c ./src/Extruder.o
 .rodata._ZL11temptable_2
                0x0800ec78       0x54 ./src/Extruder.o
 .rodata._ZL11temptable_3
                0x0800eccc       0x70 ./src/Extruder.o
 .rodata._ZL11temptable_4
                0x0800ed3c       0x50 ./src/Extruder.o
 .rodata.str1.4
                0x0800ed8c      0x231 ./src/Printer.o
                                0x234 (size before relaxing)
 *fill*         0x0800efbd        0x3 
 .rodata.str1.4
                0x0800efc0        0x4 c:/program files (x86)/gnu tools arm embedded/4.8 2014q2/bin/../lib/gcc/arm-none-eabi/4.8.4/../../../../arm-none-eabi/lib/armv7-m\libm.a(lib_a-w_exp.o)
 .rodata.str1.4
                0x0800efc4        0x6 c:/program files (x86)/gnu tools arm embedded/4.8 2014q2/bin/../lib/gcc/arm-none-eabi/4.8.4/../../../../arm-none-eabi/lib/armv7-m\libm.a(lib_a-w_hypot.o)
                                  0x8 (size before relaxing)
 *fill*         0x0800efca        0x2 
 .rodata.str1.4
                0x0800efcc        0x8 c:/program files (x86)/gnu tools arm embedded/4.8 2014q2/bin/../lib/gcc/arm-none-eabi/4.8.4/../../../../arm-none-eabi/lib/armv7-m\libm.a(lib_a-w_sqrt.o)
 *fill*         0x0800efd4        0x4 
 .rodata.halF   0x0800efd8       0x10 c:/program files (x86)/gnu tools arm embedded/4.8 2014q2/bin/../lib/gcc/arm-none-eabi/4.8.4/../../../../arm-none-eabi/lib/armv7-m\libm.a(lib_a-e_exp.o)
 .rodata.ln2LO  0x0800efe8       0x10 c:/program files (x86)/gnu tools arm embedded/4.8 2014q2/bin/../lib/gcc/arm-none-eabi/4.8.4/../../../../arm-none-eabi/lib/armv7-m\libm.a(lib_a-e_exp.o)
 .rodata.ln2HI  0x0800eff8       0x10 c:/program files (x86)/gnu tools arm embedded/4.8 2014q2/bin/../lib/gcc/arm-none-eabi/4.8.4/../../../../arm-none-eabi/lib/armv7-m\libm.a(lib_a-e_exp.o)
 .rodata.npio2_hw
                0x0800f008       0x80 c:/program files (x86)/gnu tools arm embedded/4.8 2014q2/bin/../lib/gcc/arm-none-eabi/4.8.4/../../../../arm-none-eabi/lib/armv7-m\libm.a(lib_a-e_rem_pio2.o)
 .rodata.two_over_pi
                0x0800f088      0x108 c:/program files (x86)/gnu tools arm embedded/4.8 2014q2/bin/../lib/gcc/arm-none-eabi/4.8.4/../../../../arm-none-eabi/lib/armv7-m\libm.a(lib_a-e_rem_pio2.o)
 .rodata.init_jk
                0x0800f190       0x10 c:/program files (x86)/gnu tools arm embedded/4.8 2014q2/bin/../lib/gcc/arm-none-eabi/4.8.4/../../../../arm-none-eabi/lib/armv7-m\libm.a(lib_a-k_rem_pio2.o)
 .rodata.PIo2   0x0800f1a0       0x40 c:/program files (x86)/gnu tools arm embedded/4.8 2014q2/bin/../lib/gcc/arm-none-eabi/4.8.4/../../../../arm-none-eabi/lib/armv7-m\libm.a(lib_a-k_rem_pio2.o)
 .rodata.atanlo
                0x0800f1e0       0x20 c:/program files (x86)/gnu tools arm embedded/4.8 2014q2/bin/../lib/gcc/arm-none-eabi/4.8.4/../../../../arm-none-eabi/lib/armv7-m\libm.a(lib_a-s_atan.o)
 .rodata.atanhi
                0x0800f200       0x20 c:/program files (x86)/gnu tools arm embedded/4.8 2014q2/bin/../lib/gcc/arm-none-eabi/4.8.4/../../../../arm-none-eabi/lib/armv7-m\libm.a(lib_a-s_atan.o)
 .rodata.str1.1
                0x0800f220        0x2 c:/program files (x86)/gnu tools arm embedded/4.8 2014q2/bin/../lib/gcc/arm-none-eabi/4.8.4/../../../../arm-none-eabi/lib/armv7-m\libg_s.a(lib_a-impure.o)
 *fill*         0x0800f222        0x6 
 .rodata.tinytens
                0x0800f228       0x28 c:/program files (x86)/gnu tools arm embedded/4.8 2014q2/bin/../lib/gcc/arm-none-eabi/4.8.4/../../../../arm-none-eabi/lib/armv7-m\libg_s.a(lib_a-strtod.o)
 .rodata.fpi.5246
                0x0800f250       0x14 c:/program files (x86)/gnu tools arm embedded/4.8 2014q2/bin/../lib/gcc/arm-none-eabi/4.8.4/../../../../arm-none-eabi/lib/armv7-m\libg_s.a(lib_a-strtod.o)
 .rodata.str1.1
                0x0800f264        0xc c:/program files (x86)/gnu tools arm embedded/4.8 2014q2/bin/../lib/gcc/arm-none-eabi/4.8.4/../../../../arm-none-eabi/lib/armv7-m\libg_s.a(lib_a-strtod.o)
 .rodata.fpinan.5282
                0x0800f270       0x14 c:/program files (x86)/gnu tools arm embedded/4.8 2014q2/bin/../lib/gcc/arm-none-eabi/4.8.4/../../../../arm-none-eabi/lib/armv7-m\libg_s.a(lib_a-strtod.o)
 .rodata._ctype_
                0x0800f284      0x101 c:/program files (x86)/gnu tools arm embedded/4.8 2014q2/bin/../lib/gcc/arm-none-eabi/4.8.4/../../../../arm-none-eabi/lib/armv7-m\libg_s.a(lib_a-ctype_.o)
                0x0800f284                _ctype_
 *fill*         0x0800f385        0x3 
 .rodata.__sf_fake_stdin
                0x0800f388       0x20 c:/program files (x86)/gnu tools arm embedded/4.8 2014q2/bin/../lib/gcc/arm-none-eabi/4.8.4/../../../../arm-none-eabi/lib/armv7-m\libg_s.a(lib_a-findfp.o)
                0x0800f388                __sf_fake_stdin
 .rodata.__sf_fake_stdout
                0x0800f3a8       0x20 c:/program files (x86)/gnu tools arm embedded/4.8 2014q2/bin/../lib/gcc/arm-none-eabi/4.8.4/../../../../arm-none-eabi/lib/armv7-m\libg_s.a(lib_a-findfp.o)
                0x0800f3a8                __sf_fake_stdout
 .rodata.__sf_fake_stderr
                0x0800f3c8       0x20 c:/program files (x86)/gnu tools arm embedded/4.8 2014q2/bin/../lib/gcc/arm-none-eabi/4.8.4/../../../../arm-none-eabi/lib/armv7-m\libg_s.a(lib_a-findfp.o)
                0x0800f3c8                __sf_fake_stderr
 .rodata.str1.1
                0x0800f3e8        0x8 c:/program files (x86)/gnu tools arm embedded/4.8 2014q2/bin/../lib/gcc/arm-none-eabi/4.8.4/../../../../arm-none-eabi/lib/armv7-m\libg_s.a(lib_a-locale.o)
                                  0xb (size before relaxing)
 .rodata.__mprec_tens
                0x0800f3f0       0xc8 c:/program files (x86)/gnu tools arm embedded/4.8 2014q2/bin/../lib/gcc/arm-none-eabi/4.8.4/../../../../arm-none-eabi/lib/armv7-m\libg_s.a(lib_a-mprec.o)
                0x0800f3f0                __mprec_tens
 .rodata.__mprec_bigtens
                0x0800f4b8       0x28 c:/program files (x86)/gnu tools arm embedded/4.8 2014q2/bin/../lib/gcc/arm-none-eabi/4.8.4/../../../../arm-none-eabi/lib/armv7-m\libg_s.a(lib_a-mprec.o)
                0x0800f4b8                __mprec_bigtens
 .rodata.p05.5281
                0x0800f4e0        0xc c:/program files (x86)/gnu tools arm embedded/4.8 2014q2/bin/../lib/gcc/arm-none-eabi/4.8.4/../../../../arm-none-eabi/lib/armv7-m\libg_s.a(lib_a-mprec.o)
 *(vtable)
 *(.eh_frame*)
 *(.glue_7)
 .glue_7        0x00000000        0x0 linker stubs
 *(.glue_7t)
 .glue_7t       0x00000000        0x0 linker stubs

.vfp11_veneer   0x0800f4ec        0x0
 .vfp11_veneer  0x00000000        0x0 linker stubs

.v4_bx          0x0800f4ec        0x0
 .v4_bx         0x00000000        0x0 linker stubs

.iplt           0x0800f4ec        0x0
 .iplt          0x00000000        0x0 ./system/src/stm32f1-stdperiph/misc.o

.ARM.extab
 *(.ARM.extab* .gnu.linkonce.armextab.*)
                0x0800f4ec                __exidx_start = .

.ARM.exidx      0x0800f4ec        0x8
 *(.ARM.exidx* .gnu.linkonce.armexidx.*)
 .ARM.exidx     0x0800f4ec        0x8 c:/program files (x86)/gnu tools arm embedded/4.8 2014q2/bin/../lib/gcc/arm-none-eabi/4.8.4/armv7-m\libgcc.a(_divdi3.o)
 .ARM.exidx     0x0800f4f4        0x0 c:/program files (x86)/gnu tools arm embedded/4.8 2014q2/bin/../lib/gcc/arm-none-eabi/4.8.4/armv7-m\libgcc.a(_udivdi3.o)
                                  0x8 (size before relaxing)
                0x0800f4f4                __exidx_end = .

.rel.dyn        0x0800f4f4        0x0
 .rel.iplt      0x00000000        0x0 ./system/src/stm32f1-stdperiph/misc.o
                0x0800f4f4                . = ALIGN (0x4)
                0x0800f4f4                _etext = .
                0x0800f4f4                __etext = .
                0x0800f4f4                _sidata = _etext

.data           0x20000000      0x380 load address 0x0800f4f4
                0x20000000                . = ALIGN (0x4)
                0x20000000                _sdata = .
                0x20000000                __data_start__ = .
 *(.data_begin .data_begin.*)
 .data_begin    0x20000000        0x4 ./system/src/newlib/_startup.o
 *(.data .data.*)
 .data.ADCPrescTable
                0x20000004        0x4 ./system/src/stm32f1-stdperiph/stm32f10x_rcc.o
 .data.APBAHBPrescTable
                0x20000008       0x10 ./system/src/stm32f1-stdperiph/stm32f10x_rcc.o
 .data.argv.4014
                0x20000018        0x8 ./system/src/newlib/_syscalls.o
 .data.AHBPrescTable
                0x20000020       0x10 ./system/src/cmsis/system_stm32f10x.o
                0x20000020                AHBPrescTable
 .data.SystemCoreClock
                0x20000030        0x4 ./system/src/cmsis/system_stm32f10x.o
                0x20000030                SystemCoreClock
 .data._ZN8Commands14lowestRAMValueE
                0x20000034        0x4 ./src/Commands.o
                0x20000034                Commands::lowestRAMValue
 .data._ZN8Commands18lowestRAMValueSendE
                0x20000038        0x4 ./src/Commands.o
                0x20000038                Commands::lowestRAMValueSend
 .data.manageMonitor
                0x2000003c        0x1 ./src/Extruder.o
                0x2000003c                manageMonitor
 *fill*         0x2000003d        0x3 
 .data.tempController
                0x20000040        0x4 ./src/Extruder.o
                0x20000040                tempController
 .data.counter250ms
                0x20000044        0x1 ./src/Extruder.o
                0x20000044                counter250ms
 *fill*         0x20000045        0x3 
 .data.extruder
                0x20000048       0x9c ./src/Extruder.o
                0x20000048                extruder
 .data.autotuneIndex
                0x200000e4        0x1 ./src/Extruder.o
                0x200000e4                autotuneIndex
 *fill*         0x200000e5        0x3 
 .data.PinToHWMapper
                0x200000e8       0xc4 ./src/GPIO.o
                0x200000e8                PinToHWMapper
 .data.PinToBitMapper
                0x200001ac       0xc4 ./src/GPIO.o
                0x200001ac                PinToBitMapper
 .data._ZN7Printer17stepsPerTimerCallE
                0x20000270        0x1 ./src/Printer.o
                0x20000270                Printer::stepsPerTimerCall
 *fill*         0x20000271        0x3 
 .data._ZN7Printer7memoryFE
                0x20000274        0x4 ./src/Printer.o
                0x20000274                Printer::memoryF
 .data._ZN7Printer38maxTravelAccelerationMMPerSquareSecondE
                0x20000278       0x10 ./src/Printer.o
                0x20000278                Printer::maxTravelAccelerationMMPerSquareSecond
 .data._ZN7Printer15extrusionFactorE
                0x20000288        0x4 ./src/Printer.o
                0x20000288                Printer::extrusionFactor
 .data._ZN7Printer14axisStepsPerMME
                0x2000028c       0x10 ./src/Printer.o
                0x2000028c                Printer::axisStepsPerMM
 .data._ZN7Printer32maxAccelerationMMPerSquareSecondE
                0x2000029c       0x10 ./src/Printer.o
                0x2000029c                Printer::maxAccelerationMMPerSquareSecond
 .data._ZN7Printer14homingFeedrateE
                0x200002ac        0xc ./src/Printer.o
                0x200002ac                Printer::homingFeedrate
 .data._ZN7Printer11maxFeedrateE
                0x200002b8       0x10 ./src/Printer.o
                0x200002b8                Printer::maxFeedrate
 .data._ZN7Printer10debugLevelE
                0x200002c8        0x1 ./src/Printer.o
                0x200002c8                Printer::debugLevel
 .data._ZN5GCode16waitingForResendE
                0x200002c9        0x1 ./src/gcode.o
                0x200002c9                GCode::waitingForResend
 *fill*         0x200002ca        0x2 
 .data.stepperInactiveTime
                0x200002cc        0x4 ./src/motion.o
                0x200002cc                stepperInactiveTime
 .data.baudrate
                0x200002d0        0x4 ./src/motion.o
                0x200002d0                baudrate
 .data.lastblk  0x200002d4        0x4 ./src/motion.o
                0x200002d4                lastblk
 .data.__fdlib_version
                0x200002d8        0x1 c:/program files (x86)/gnu tools arm embedded/4.8 2014q2/bin/../lib/gcc/arm-none-eabi/4.8.4/../../../../arm-none-eabi/lib/armv7-m\libm.a(lib_a-s_lib_ver.o)
                0x200002d8                __fdlib_version
 *fill*         0x200002d9        0x3 
 .data.impure_data
                0x200002dc       0x60 c:/program files (x86)/gnu tools arm embedded/4.8 2014q2/bin/../lib/gcc/arm-none-eabi/4.8.4/../../../../arm-none-eabi/lib/armv7-m\libg_s.a(lib_a-impure.o)
 .data._impure_ptr
                0x2000033c        0x4 c:/program files (x86)/gnu tools arm embedded/4.8 2014q2/bin/../lib/gcc/arm-none-eabi/4.8.4/../../../../arm-none-eabi/lib/armv7-m\libg_s.a(lib_a-impure.o)
                0x2000033c                _impure_ptr
 .data.__ctype_ptr__
                0x20000340        0x4 c:/program files (x86)/gnu tools arm embedded/4.8 2014q2/bin/../lib/gcc/arm-none-eabi/4.8.4/../../../../arm-none-eabi/lib/armv7-m\libg_s.a(lib_a-ctype_.o)
                0x20000340                __ctype_ptr__
 .data.lconv    0x20000344       0x38 c:/program files (x86)/gnu tools arm embedded/4.8 2014q2/bin/../lib/gcc/arm-none-eabi/4.8.4/../../../../arm-none-eabi/lib/armv7-m\libg_s.a(lib_a-locale.o)
 *(.data_end .data_end.*)
 .data_end      0x2000037c        0x4 ./system/src/newlib/_startup.o
                0x20000380                . = ALIGN (0x4)
                0x20000380                _edata = .
                0x20000380                __data_end__ = .

.igot.plt       0x20000380        0x0 load address 0x0800f874
 .igot.plt      0x00000000        0x0 ./system/src/stm32f1-stdperiph/misc.o

.bss            0x20000380     0x24a8 load address 0x0800f878
                0x20000380                . = ALIGN (0x4)
                0x20000380                __bss_start__ = .
                0x20000380                _sbss = .
 *(.bss_begin .bss_begin.*)
 .bss_begin     0x20000380        0x4 ./system/src/newlib/_startup.o
 *(.bss .bss.*)
 .bss.current_heap_end.3842
                0x20000384        0x4 ./system/src/newlib/_sbrk.o
 .bss.name.4013
                0x20000388        0x4 ./system/src/newlib/_syscalls.o
 .bss.fanKickstart
                0x2000038c        0x1 ./src/Commands.o
                0x2000038c                fanKickstart
 *fill*         0x2000038d        0x3 
 .bss.osAnalogInputValues
                0x20000390        0x4 ./src/Extruder.o
                0x20000390                osAnalogInputValues
 .bss.temptable_generic1
                0x20000394       0x84 ./src/Extruder.o
                0x20000394                temptable_generic1
 .bss.executePeriodical
                0x20000418        0x1 ./src/Extruder.o
                0x20000418                executePeriodical
 *fill*         0x20000419        0x3 
 .bss._ZN8Extruder7currentE
                0x2000041c        0x4 ./src/Extruder.o
                0x2000041c                Extruder::current
 .bss.counterPeriodical
                0x20000420        0x4 ./src/Extruder.o
                0x20000420                counterPeriodical
 .bss._ZL18extruderTempErrors
                0x20000424        0x1 ./src/Extruder.o
 *fill*         0x20000425        0x3 
 .bss.EmptyHW   0x20000428       0x1c ./src/GPIO.o
                0x20000428                EmptyHW
 .bss._ZL12adcSamplePos
                0x20000444        0x4 ./src/HAL.o
 .bss._ZZ15TIM2_IRQHandlerE16pwm_count_heater
                0x20000448        0x1 ./src/HAL.o
 *fill*         0x20000449        0x3 
 .bss._ZL13adcSamplesMax
                0x2000044c        0x4 ./src/HAL.o
 .bss.remainingTimer
                0x20000450        0x4 ./src/HAL.o
                0x20000450                remainingTimer
 .bss._ZN3HAL12insideTimer1E
                0x20000454        0x1 ./src/HAL.o
                0x20000454                HAL::insideTimer1
 *fill*         0x20000455        0x3 
 .bss._ZN3HAL13virtualEepromE
                0x20000458     0x1000 ./src/HAL.o
                0x20000458                HAL::virtualEeprom
 .bss.osAnalogSamples
                0x20001458       0x28 ./src/HAL.o
                0x20001458                osAnalogSamples
 .bss._ZL13adcSamplesMin
                0x20001480        0x4 ./src/HAL.o
 .bss._ZL10adcCounter
                0x20001484        0x4 ./src/HAL.o
 .bss._ZZ15TIM2_IRQHandlerE11pwm_pos_set
                0x20001488        0x4 ./src/HAL.o
 *fill*         0x2000148c        0x4 
 .bss.osAnalogInputBuildup
                0x20001490        0x8 ./src/HAL.o
                0x20001490                osAnalogInputBuildup
 .bss._ZZ15TIM2_IRQHandlerE9pwm_count
                0x20001498        0x1 ./src/HAL.o
 *fill*         0x20001499        0x3 
 .bss._ZN7Printer7offsetXE
                0x2000149c        0x4 ./src/Printer.o
                0x2000149c                Printer::offsetX
 .bss._ZN7Printer5timerE
                0x200014a0        0x4 ./src/Printer.o
                0x200014a0                Printer::timer
 .bss._ZN7Printer7memoryZE
                0x200014a4        0x4 ./src/Printer.o
                0x200014a4                Printer::memoryZ
 .bss._ZN7Printer13minimumZSpeedE
                0x200014a8        0x4 ./src/Printer.o